       60       66        5       32      240       66        0
       27       41        4       50       44
       27        4       43       44       42
       25       43       48       42       52
       31       48        3       52       47
       31        3       49       47       51
       26       49       41       51       50
       26       50       44       60       56
       24       44       42       56       55
       25       42       52       55       59
       30       52       47       59       46
       29       47       51       46       45
       29       51       50       45       60
       19       60       56       54       34
       19       56       55       34       33
       18       55       59       33       53
       30       59       46       53       58
       28       46       45       58       57
       28       45       60       57       54
       17       54       34       40       37
       17       34       33       37       38
       18       33       53       38       39
       23       53       58       39       36
       21       58       57       36       35
       21       57       54       35       40
       20       40       37       65       61
       16       37       38       61       62
       23       38       39       62       63
       22       39       36       63       64
       22       36       35       64       66
       20       35       40       66       65
       11       65       61       22       18
       11       61       62       18       17
        9       62       63       17       24
       15       63       64       24       21
       15       64       66       21       23
       10       66       65       23       22
       10       22       18       32       28
        8       18       17       28       27
        9       17       24       27       31
       14       24       21       31       20
       13       21       23       20       19
       13       23       22       19       32
        3       32       28       26        6
        3       28       27        6        5
        2       27       31        5       25
       14       31       20       25       30
       12       20       19       30       29
       12       19       32       29       26
        1       26        6       16       12
        1        6        5       12       14
        2        5       25       14       15
        7       25       30       15       10
        5       30       29       10        9
        5       29       26        9       16
        4       16       12        2       11
        0       12       14       11       13
        7       14       15       13        7
        6       15       10        7        1
        6       10        9        1        8
        4        9       16        8        2
