          96         113           6          64         384         113           0
          49          90          79          97          96
          51          82         113           8         112
          61          97          96           7          95
          53         111         110         102          94
          53         110         109          94          93
          52         109         108          93          80
          55         108         113          80          82
          57         102          94         101          83
          59          94          93          83          92
          54          93          80          92          91
          55          80          82          91          81
          57         101          83         100          89
          59          83          92          89          88
          58          92          91          88          90
          48          91          81          90          79
          56         100          89          99          87
          63          89          88          87          86
          60          88          90          86          97
          49          96          79          95          78
          50          79          81          78          77
          51          81          82          77           8
          62          99          87          98          84
          63          87          86          84          85
          61          86          97          85           7
          33          69          58          76          75
          35          61          99           6          98
          45          76          75           5          74
          37         111         102         107          73
          37         102         101          73          72
          36         101         100          72          59
          39         100          99          59          61
          41         107          73         106          62
          43          73          72          62          71
          38          72          59          71          70
          39          59          61          70          60
          41         106          62         105          68
          43          62          71          68          67
          42          71          70          67          69
          32          70          60          69          58
          40         105          68         104          66
          47          68          67          66          65
          44          67          69          65          76
          33          75          58          74          57
          34          58          60          57          56
          35          60          61          56           6
          46         104          66         103          63
          47          66          65          63          64
          45          65          76          64           5
          17          43          32          50          49
          19          35         104           4         103
          29          50          49           3          48
          21         111         107          55          47
          21         107         106          47          46
          20         106         105          46          33
          23         105         104          33          35
          25          55          47          54          36
          27          47          46          36          45
          22          46          33          45          44
          23          33          35          44          34
          25          54          36          53          42
          27          36          45          42          41
          26          45          44          41          43
          16          44          34          43          32
          24          53          42          52          40
          31          42          41          40          39
          28          41          43          39          50
          17          49          32          48          31
          18          32          34          31          30
          19          34          35          30           4
          30          52          40          51          37
          31          40          39          37          38
          29          39          50          38           3
           1          22          11          29          28
           3          14          52           2          51
          13          29          28           1          27
           5         111          55         110          26
           5          55          54          26          25
           4          54          53          25          12
           7          53          52          12          14
           9         110          26         109          15
          11          26          25          15          24
           6          25          12          24          23
           7          12          14          23          13
           9         109          15         108          21
          11          15          24          21          20
          10          24          23          20          22
           0          23          13          22          11
           8         108          21         113          19
          15          21          20          19          18
          12          20          22          18          29
           1          28          11          27          10
           2          11          13          10           9
           3          13          14           9           2
          14         113          19         112          16
          15          19          18          16          17
          13          18          29          17           1
