#v002         384         430           8         256        1536         430           0
         251          27          65          62          64
         227          38          67          27          65
         226          32          38          30          27
         250          30          27          63          62
         273          12          63          60          61
         249          31          30          12          63
         202          28          39          32          38
         225          13          32          31          30
         201          29          28          13          32
         182          41          40          28          39
         161         218         217          15          41
         181          15          41          29          28
         184          33          37          35          36
         203          39          35          38          67
         183          40          33          39          35
         164         215         214          33          37
         163         216         215          40          33
         162         217         216          41          40
         186          34         114          69          70
         165         214         213          37          34
         166         213         212          34         114
         204          35          36          67          66
         185          37          34          36          69
         205          36          69          66          68
         297          60          61          10          42
         274          63          62          61          45
         298          61          45          42          44
         300          50          49          43          48
         299          45          50          44          43
         275          62          64          45          50
         302          56          55          46          54
         301          49          56          48          46
         277          47          57          49          56
         253          59          58          47          57
         252          65          59          64          47
         276          64          47          50          49
         303          55         108          54         107
         278          57          51          56          55
         279          51         109          55         108
         254          58          52          57          51
         255          52         110          51         109
         231          53         111          52         110
         230          68          53          58          52
         228          67          66          65          59
         229          66          68          59          58
         206          69          70          68          53
         207          70         112          53         111
         187         114         113          70         112
         370          72          71         206         205
         324          77          76           3          72
         369           3          72         207         206
         371          71          83         205         204
         340          75          84          71          83
         332          76          75          72          71
         366         417         414          74          73
         365         418         417           4          74
         323           4          74          77          76
         367         414         412          73          82
         331          74          73          76          75
         339          73          82          75          84
         189         106          78         105         104
         169         210         209         106          78
         168         211         210         113         106
         190          78          80         104          81
         372          83          80         204         208
         170         209         208          78          80
         345          84          81          83          80
         211          81          79         102         101
         210         104          81         103         102
         346          82          79          84          81
         368         412         424          82          79
         212          79         424         101         423
         257          88          87          85          98
         234         103         102          87         100
         258          87         100          98          99
         281          85          98          96          97
         280         109          85         108          96
         256         110          88         109          85
         232         111          86         110          88
         233          86         103          88          87
         209         105         104          86         103
         208         112         105         111          86
         167         212         211         114         113
         188         113         106         112         105
         236         101         423          89         422
         235         102         101         100          89
         259         100          89          99          95
         308          94         420          93         419
         284          95         421          94         420
         260          89         422          95         421
         307          92          94          91          93
         282          98          99          97          92
         283          99          95          92          94
         306          97          92          90          91
         305          96          97           9          90
         304         108          96         107           9
         126         149         115         148         196
         127         115         198         196         197
         103         117         199         115         198
         102         150         117         149         115
          77         127         126         151         150
          78         126         118         150         117
          79         118         200         117         199
          55         116         201         118         200
          54         128         116         126         118
          30         131         129         128         116
          31         129         202         116         201
           7         130         203         129         202
           3         119         121         156         120
           1          26          25         158         157
           2          25         119         157         156
          27         156         120         155         154
          28         120         124         154         123
           4         121         125         120         124
          53         123         128         127         126
          52         154         123         153         127
          76         153         127         152         151
           6         122         130         131         129
          29         124         131         123         128
           5         125         122         124         131
          75         136         153         135         152
          51         155         154         136         153
          50         132         155         137         136
          26         157         156         132         155
          25         158         157          19         132
          49          19         132         138         137
         121         133         146         143         144
          73         138         137          17         134
          97          17         134         133         146
          99         135         152         145         147
          98         134         135         146         145
          74         137         136         134         135
         141         143         144         218         217
         122         146         145         144         139
         142         144         139         217         216
         144         142         141         215         214
         123         145         147         139         142
         143         139         142         216         215
         146         148         196         213         212
         125         140         149         141         148
         145         141         148         214         213
         101         151         150         140         149
         124         147         140         142         141
         100         152         151         147         140
         373         159         163         161         160
         325         207         206           2         166
         381           2         166         159         163
         374         163         164         160         165
         334         160         165         415         413
         326         161         160         416         415
         383         162         172         164         171
         375         164         171         165         173
         342         165         173         413         411
         341         205         204         162         172
         382         166         162         163         164
         333         206         205         166         162
         108         193         426         167         425
         107         194         193         170         167
         106         195         194         191         170
         384         172         169         171         170
         376         171         170         173         167
         350         173         167         411         425
         148         197         190         211         210
         149         190         168         210         209
         129         192         191         190         168
         357         204         208         172         169
         150         168         169         209         208
         130         191         170         168         169
          82         176         185         195         194
          58         187         186         176         185
          57         174         187         177         176
          33         189         188         174         187
          56         201         174         200         177
          32         202         189         201         174
         105         175         195         192         191
          81         177         176         175         195
          80         200         177         199         175
         147         196         197         212         211
         104         199         175         198         192
         128         198         192         197         190
          10         178         180         188         179
           9          24         178         189         188
           8         203          24         202         189
          34         188         179         187         186
          11         180         184         179         183
          35         179         183         186         182
          60         182         428         181         427
          12         184         430         183         429
          36         183         429         182         428
          84         181         427         193         426
          59         186         182         185         181
          83         185         181         194         193
         115         220         254         251         252
         114         302         220         301         251
         134         301         251         300         299
          93         229         256         253         255
          92         230         229         254         253
          91         221         230         220         254
          67         219         231         221         230
          90         303         221         302         220
          66         304         219         303         221
          43         233         232         219         231
          42         305         233         304         219
          18         306         234         305         233
          68         231         222         230         229
          45         227         226         222         258
          69         222         258         229         256
          44         232         227         231         222
          20          22         228         232         227
          19         234          22         233         232
          46         226         224         258         257
          22          21         225         226         224
          21         228          21         227         226
          24         223          20         261         260
          23         225         223         224         261
          47         224         261         257         259
         117         253         255         238         239
         116         254         253         252         238
         136         252         238         235         237
         156         235         237         405         404
         155         299         235         406         405
         135         251         252         299         235
         159         248         247         402         401
         158         236         248         403         402
         157         237         236         404         403
         137         238         239         237         236
         118         255         250         239         249
         138         239         249         236         248
         160         247         240         401         400
         140         242         241         247         240
         139         249         242         248         247
         119         250         244         249         242
         120         244          16         242         241
          96         246         245         244          16
          71         257         259         243         246
          48         261         260         259          18
          72         259          18         246         245
          95         243         246         250         244
          94         256         243         255         250
          70         258         257         256         243
          17         262         306         276         305
          15         264          23         263         277
          16          23         262         277         276
          39         263         277         274         275
          14         268         264         267         263
          38         267         263         266         274
          61         428         266         427         265
          13         430         268         429         267
          37         429         267         428         266
          85         427         265         426         298
          62         266         274         265         273
          86         265         273         298         297
         154         300         299         407         406
         113         269         302         294         301
         133         294         301         293         300
          89         271         303         269         302
         112         296         269         295         294
          88         272         271         296         269
          65         270         304         271         303
          41         276         305         270         304
          40         277         276         275         270
          64         275         270         272         271
          63         274         275         273         272
          87         273         272         297         296
         353         278         282         280         279
         377           1         285         278         282
         327         416         415           1         285
         354         282         283         279         284
         336         279         284         397         399
         328         280         279         396         397
         379         281         292         283         291
         355         283         291         284         290
         344         284         290         399         398
         343         413         411         281         292
         378         285         281         282         283
         335         415         413         285         281
         110         298         297         286         289
         109         426         298         425         286
         351         411         425         292         286
         356         291         289         290         288
         111         297         296         289         295
         380         292         286         291         289
         360         290         288         398         410
         151         288         287         410         409
         131         289         295         288         287
         153         293         300         408         407
         152         287         293         409         408
         132         295         294         287         293
         220         349         307         348         347
         221         307         319         347         346
         197         310         309         307         319
         196         350         310         349         307
         176         405         404         350         310
         175         406         405         394         350
         198         309         308         319         318
         178         403         402         309         308
         177         404         403         310         309
         180         401         400         322         321
         199         308         322         318         320
         179         402         401         308         322
         247         317         312         316         315
         223         318         320         317         312
         222         319         318         346         317
         248         312         311         315         314
         224         320          14         312         311
         200         322         321         320          14
         295         343         313         342         341
         296         313          11         341         340
         272         315         314         313          11
         271         316         315         343         313
         246         346         317         345         316
         270         345         316         344         343
         315         336         335         334         323
         316         335         328         323         327
         292         337         329         335         328
         268         339         338         337         329
         245         347         346         338         345
         269         338         345         329         344
         294         344         343         326         342
         317         328         326         327         325
         293         329         344         328         326
         320         341         340         324           6
         319         342         341           7         324
         318         326         342         325           7
         291         330         337         336         335
         314         389         336         388         334
         290         390         330         389         336
         267         332         339         330         337
         242         392         333         391         332
         266         391         332         390         330
         244         348         347         339         338
         243         333         348         332         339
         219         331         349         333         348
         195         394         350         331         349
         218         393         331         392         333
         194         395         394         393         331
         262         351         366         357         365
         238         384         383         351         366
         237         423         384         422         351
         309         420         356         419         355
         285         421         357         420         356
         261         422         351         421         357
         287         365         364         354         363
         310         356         354         355         353
         286         357         365         356         354
         313         362         389         352         388
         312         363         362           8         352
         311         354         363         353           8
         217         385         393         358         392
         193         387         395         385         393
         174         407         406         395         394
         241         358         392         360         391
         240         382         358         361         360
         216         386         385         382         358
         288         364         359         363         362
         289         359         390         362         389
         265         360         391         359         390
         264         361         360         364         359
         239         383         382         366         361
         263         366         361         365         364
         214         367         369         384         383
         213         424         367         423         384
         347         379         367         412         424
         352         381         370         380         369
         215         369         386         383         382
         364         380         369         379         367
         173         408         407         387         395
         192         368         387         386         385
         172         409         408         368         387
         191         370         368         369         386
         349         398         410         381         370
         171         410         409         370         368
         359         396         397         373         372
         358         397         399         372         371
         348         399         398         371         381
         337         371         381         376         380
         329         372         371         377         376
         321         373         372         378         377
         362         377         376         375         374
         361         378         377           5         375
         322           5         375         418         417
         363         376         380         374         379
         338         374         379         414         412
         330         375         374         417         414
