         150         176           7         128         600         176           0
          23          10          24           9          25
          22          24          36          25          35
          31          36           8          35          30
          31           8          87          30          86
          63          87          68          86          67
          61          68          66          67          70
          60          66          73          70          72
          55          73          60          72          59
          53          60          58          59          64
          52          58           7          64          63
          23           9          25          28          27
          21          25          35          27          34
          29          35          30          34          32
          30          30          86          32          85
          63          86          67          85          84
          62          67          70          84          69
          57          70          72          69          71
          55          72          59          71          62
          54          59          64          62          61
          51          64          63          61          57
          16          28          27          23          26
          20          27          34          26          33
          28          34          32          33          31
          27          32          85          31          29
          27          85          84          29          83
          59          84          69          83          65
          56          69          71          65          79
          49          71          62          79          78
          48          62          61          78          77
          50          61          57          77          76
          18          23          26          22          42
          17          26          33          42          41
          25          33          31          41          40
          24          31          29          40          39
          26          29          83          39          82
          59          83          65          82          75
          58          65          79          75          74
          43          79          78          74          56
          39          78          77          56          46
          39          77          76          46          45
          19          22          42          38          37
          11          42          41          37          16
          15          41          40          16          15
          15          40          39          15          14
          13          39          82          14          81
          41          82          75          81          53
          40          75          74          53          52
          43          74          56          52          55
          37          56          46          55          49
          38          46          45          49          48
           9          38          37          21          20
           8          37          16          20          19
          10          16          15          19          18
          14          15          14          18          17
          12          14          81          17          80
          47          81          53          80          50
          46          53          52          50          51
          42          52          55          51          54
          36          55          49          54          47
          32          49          48          47          43
           7          21          20         176         175
           7          20          19         175          12
           5          19          18          12          13
           2          18          17          13          11
           3          17          80          11         173
          47          80          50         173         172
          45          50          51         172         170
          44          51          54         170         169
          34          54          47         169         168
          33          47          43         168          44
          95         176         175           6         174
           6         175          12         174         166
           4          12          13         166         165
           0          13          11         165         164
           1          11         173         164         171
         119         173         172         171         139
         117         172         170         139         148
         116         170         169         148         149
         127         169         168         149         167
          35         168          44         167         163
          95           6         174         109         108
          94         174         166         108         114
          87         166         165         114         103
          85         165         164         103         106
          84         164         171         106         162
         119         171         139         162         140
         118         139         148         140         147
         126         148         149         147         145
         127         149         167         145         144
         125         167         163         144         143
          93         109         108         111         110
          92         108         114         110         113
          87         114         103         113         105
          86         103         106         105         104
          83         106         162         104         161
         114         162         140         161         138
         115         140         147         138         146
         121         147         145         146         142
         124         145         144         142         141
         123         144         143         141           5
          91         111         110           4         107
          90         110         113         107         112
          81         113         105         112         120
          80         105         104         120         119
          82         104         161         119         160
         112         161         138         160         154
         113         138         146         154         153
         120         146         142         153         152
         122         142         141         152         151
         123         141           5         151         150
          91           4         107         118         117
          89         107         112         117         116
          88         112         120         116         115
          79         120         119         115          97
          79         119         160          97         159
         109         160         154         159         132
         111         154         153         132         131
         111         153         152         131         137
         103         152         151         137         125
         102         151         150         125         124
          71         118         117           3          90
          69         117         116          90          94
          68         116         115          94         102
          77         115          97         102          99
          78          97         159          99         158
         108         159         132         158         130
         107         132         131         130         129
         110         131         137         129         136
         103         137         125         136         128
         101         125         124         128         123
          71           3          90          93          92
          70          90          94          92          91
          67          94         102          91         101
          76         102          99         101          98
          75          99         158          98         157
         106         158         130         157         156
         107         130         129         156         135
         105         129         136         135         134
          99         136         128         134         127
         100         128         123         127         126
          65          93          92           2          88
          64          92          91          88          89
          66          91         101          89         100
          73         101          98         100          95
          72          98         157          95          96
          74         157         156          96         155
         104         156         135         155         133
          97         135         134         133         121
          96         134         127         121         122
          98         127         126         122           1
