#v002         176         191           7         128         704         191           0
          32          14          80           7          82
          31          35          14          26           7
          30          26           7          10           9
          29           7          82           9          81
          22           9          81          16          79
          24          33          16          32          15
          18           8          10          34          33
          23          10           9          33          16
          50          27          26           8          10
          19         188           8         187          34
         118         189          27         188           8
          92          32          15          31          30
          21          16          79          15          78
          96          78          83          12          85
          55          30          12          29          13
          91          15          78          30          12
          85          29          13          28          11
          94          12          85          13          84
          68          13          84          11          87
          66          11          87          80          86
          65          28          11          14          80
          35          36          28          35          14
         143         178          19         182         181
         115          19          35         181          17
         119          17          35          27          26
          43         181          17         191         190
         120         190          17         189          27
         150         174          23         180         179
         134          23          25         179          18
         133         179          18         178          19
         113          24          29          36          28
          12          25          24          18          36
           9          18          36          19          35
         155         176         175         174          23
         140         177          22         175          21
          90          31          30          24          29
         139         175          21          23          25
          34          21          31          25          24
          89         186          20         185         184
          17          34          33          20          32
          20         187          34         186          20
          86          22          32          21          31
          69          20          32         184          22
         137         184          22         183         177
          80          80          86          82          46
          78          82          46          81          40
         117          81          40          79          39
          54          39          48          83          47
         125          79          39          78          83
          82          45          69          37          38
          37          46          45          40          37
         121          40          37          39          48
          60          37          38          48          77
          59          38          70          77          76
          39          69          68          38          70
          84          41          71          45          69
          79          86          41          46          45
          67          84          44          87          43
          36          87          43          86          41
          71          43          72          41          71
          95          83          47          85          42
          58          48          77          47          75
         100          47          75          42          74
          72          44          73          43          72
          49          85          42          84          44
          98          42          74          44          73
          93          55          54          50          49
          47          50          49          64          63
         105          68          50          70          64
         101          53          55          68          50
          83          71          53          69          68
          76          65          67          52          51
          40          51           4          55          54
          75          67          66          51           4
          70          73          65          72          52
          74          52          51          53          55
          53          72          52          71          53
          63          64          63          57          56
          52          57          56          61          60
          64          70          64          76          57
          62          76          57          62          61
          33          77          76          75          62
         104          62          61          59          58
         103          61          60          58           3
          46          58           3          67          66
          99          75          62          74          59
         102          59          58          65          67
          51          74          59          73          65
         154         100         183          99          88
         153         183         177          88          91
         169          88          91          94          93
          77         102          94         101          92
         170          99          88         102          94
         171          90         176         121         174
         172          93          91          90         176
         156          91         177         176         175
          87          89          90         122         121
          56          94          93          92           1
          88           1          93          89          90
         168          97          99          98         102
         160         171         168         166          97
         138         185         184         100         183
         152         168         100          97          99
         136         172         185         168         100
         162         166          96         167         163
           1         163           6         162         120
           4          96          95         163           6
         176         166          97          96          98
          48          98         102           2         101
         128          96          98          95           2
         165         103         180         108         107
         149         180         179         107         178
         166         121         174         103         180
          11         122         121           5         103
          10           5         103         109         108
         175         108         107         106         105
         159         107         178         105         182
         158         105         182         116         117
         116         109         108         104         106
         114         104         106         119         118
         174         106         105         118         116
         164         118         116         115         114
         147         114         170         164         169
         142         182         181         117         191
         148         116         117         114         170
         132         117         191         170         173
           8         119         118         110         115
           7         110         115         112         113
         163         115         114         113         164
         106         162         120         161         111
         167         165         161         164         113
          38         161         111         113         112
          97         123         127         136         138
          73         124         125         123         127
         110         152         153         124         125
          44         153         154         125         157
          41         125         157         127         128
          42         126         189         135         188
         109         158         190         126         189
           6         191         190         173         158
          61         157         158         128         126
          57         128         126         137         135
          81         127         128         138         137
          16         136         138         129         134
          14         129         134         130         131
          26         130         131         155         156
          13         134         133         131         160
          27         131         160         156         159
         123         135         188         132         187
          15         138         137         134         133
         124         137         135         133         132
         122         133         132         160         151
         126         151         186         172         185
          45         132         187         151         186
         111         140         142         153         154
         107         154         146         157         150
         112         139         140         152         153
          28         155         156         139         140
          25         156         159         140         142
           3         159         148         142         141
         127         160         151         149         172
           2         160         149         159         148
         129         148         147         141         144
         108         142         141         154         146
         141         141         144         146         145
         161         167         163         143         162
         145         147         167         144         143
         144         149         172         171         168
         146         171         166         147         167
         130         149         171         148         147
         173         143         162         165         161
         157         144         143         145         165
         151         145         165         169         164
         135         146         145         150         169
           5         173         158         150         157
         131         170         173         169         150
