#v002         140         200           7         128        1120         200           0
         118          19          73          79          78          18          17          70          68
          98         159         163         178         161          19          73          79          78
         100           3         168         159         163          28          23          19          73
          96         179           3         178         159          80          28          79          19
         119          23          22          73          72          21          20          17          16
         120          28          23          19          73          26          21          18          17
          99         168         167         163         162          23          22          73          72
         117          73          72          78          77          17          16          68          67
          94         166         165         170         169          75          74          25          24
          95         173         166         164         170          76          75          27          25
          92         170         169         168         167          25          24          23          22
          93         164         170           3         168          27          25          28          23
          91         179         173           3         164          80          76          28          27
          71         200         191         185         184         179         173           3         164
          76         200         185         199         181         179           3         178         159
          73         184         183         185         182         164         170           3         168
          80         185         182         181         180           3         168         159         163
         134          63          62          14          13          55          54          12          11
         115          76          75          27          25          66          63          15          14
         114          75          74          25          24          63          62          14          13
         112          25          24          23          22          14          13          21          20
         135          66          63          15          14           4          55          10          12
         128          65          64          66          63          53          56           4          55
         126          71          69          66          65          61          59           4          53
         131          71          66          26          15          61           4           9          10
         111          80          76          28          27          71          66          26          15
         132          14          13          21          20          12          11           8           7
         133          15          14          26          21          10          12           9           8
         113          27          25          28          23          15          14          26          21
         116          80          28          79          19          71          26          70          18
         140          26          21          18          17           9           8           5           6
         136          71          26          70          18          61           9          60           5
         138          18          17          70          68           5           6          60          58
         139          21          20          17          16           8           7           6           1
         137          17          16          68          67           6           1          58          57
         125          70          68          47          44          60          58          43          42
         121          71          70          69          47          61          60          59          43
         105          79          78          48          33          70          68          47          44
         103          48          33          51          50          47          44          69          46
         122          44          30          46          45          42          29          41          40
         124          68          67          44          30          58          57          42          29
         102          33          32          50          49          44          30          46          45
         104          78          77          33          32          68          67          44          30
          97         163         162         161         160          73          72          78          77
          84         161         160         175          31          78          77          33          32
          64         193         192         197         196         161         160         175          31
          62         197         196         195         194         175          31         174          52
          83         176         175         177         174          48          33          51          50
          82         175          31         174          52          33          32          50          49
          81         179         178         177         176          80          79          51          48
          85         178         161         176         175          79          78          48          33
          65         199         193         198         197         178         161         176         175
         107          38          37          75          74          64          36          63          62
          87         171          34         166         165          38          37          75          74
          89         174          52         171          34          50          49          38          37
          69         195         194         189         188         174          52         171          34
          90         177         174         172         171          51          50          39          38
          86         179         177         173         172          80          51          76          39
          88         172         171         173         166          39          38          76          75
          68         190         189         191         187         172         171         173         166
          67         189         188         187         186         171          34         166         165
         110          51          50          39          38          69          46          65          64
         106          80          51          76          39          71          69          66          65
         123          47          44          69          46          43          42          59          41
         101          80          79          51          48          71          70          69          47
         127          64          36          63          62          56          35          55          54
         108          39          38          76          75          65          64          66          63
         130          69          46          65          64          59          41          53          56
         109          50          49          38          37          46          45          64          36
         129          46          45          64          36          41          40          56          35
          59          95          94          92          84         182          91         180          81
          60          96          95          93          92         185         182         181         180
          78         181         180         199         193         159         163         178         161
          79         182          91         180          81         168         167         163         162
          77         180          81         193         192         163         162         161         160
          58          93          92         138         135         181         180         199         193
          57          92          84         135         134         180          81         193         192
          44         135         134         137         136         193         192         197         196
          37          97          83         152         151          92          84         135         134
          39         102         101          97          83          95          94          92          84
          17          99          82         154         153          97          83         152         151
          19         104         103          99          82         102         101          97          83
          56         139          96         138          93         200         185         199         181
          36         156         143         155          98         139          96         138          93
          38          98          97         155         152          93          92         138         135
          18         100          99         157         154          98          97         155         152
          16         158         145         157         100         156         143         155          98
          32         140          86         102         101          89          88          95          94
          34         147         146         140          86         132         131          89          88
          12         141          85         104         103         140          86         102         101
          14         149         148         141          85         147         146         140          86
          20         145         104         100          99         143         102          98          97
          13         144         141         145         104         142         140         143         102
          40         143         102          98          97          96          95          93          92
          31         156         150         143         142         139         133          96          90
          33         142         140         143         102          90          89          96          95
          53          90          89          96          95         184         183         185         182
          51         139         133          96          90         200         191         185         184
          55         133         132          90          89         191         187         184         183
          35         150         147         142         140         133         132          90          89
          72         183          87         182          91         170         169         168         167
          52          89          88          95          94         183          87         182          91
          75         191         187         184         183         173         166         164         170
          54         132         131          89          88         187         186         183          87
          74         187         186         183          87         166         165         170         169
          49         119         118         121         120         195         194         189         188
          50         124         119         122         121         105         195         190         189
          47         121         120         132         131         189         188         187         186
          48         122         121         133         132         190         189         191         187
          66         200         105         191         190         179         177         173         172
          70         105         195         190         189         177         174         172         171
          46         139         124         133         122         200         105         191         190
          61         200         199         105         198         179         178         177         176
          63         198         197         105         195         176         175         177         174
          43         123         137         124         119         198         197         105         195
          45         138         135         123         137         199         193         198         197
          41         139         138         124         123         200         199         105         198
          42         137         136         119         118         197         196         195         194
          22         128         127         126         125         137         136         119         118
          24         152         151         128         127         135         134         137         136
          25         155         152         129         128         138         135         123         137
          23         129         128         130         126         123         137         124         119
          29         126         125         114         113         119         118         121         120
          28         111         114         150         147         122         121         133         132
          27         114         113         147         146         121         120         132         131
           7         116         115         149         148         114         113         147         146
          26         156         130         150         111         139         124         133         122
           6         158         117         106         112         156         130         150         111
          11         158         106         145         144         156         150         143         142
          15         106         149         144         141         150         147         142         140
           8         112         116         106         149         111         114         150         147
          30         130         126         111         114         124         119         122         121
          21         156         155         130         129         139         138         124         123
          10         117         110         112         116         130         126         111         114
           9         110         109         116         115         126         125         114         113
           5         157         154         107         108         155         152         129         128
           1         158         157         117         107         156         155         130         129
           3         107         108         117         110         129         128         130         126
           4         154         153         108           2         152         151         128         127
           2         108           2         110         109         128         127         126         125
