#v002         480         549           8         256        1920         549           0
         470          50          55          49          54
         469          67          50          66          49
         409          68          51          67          50
         290          95          94          69          57
         350          69          57          51          56
         349          70          69          68          51
         410          51          56          50          55
         472          52         156           5         155
         471          55          52          54           5
         412          53         157          52         156
         411          56          53          55          52
         352          92         160          53         157
         353         160         159         157         158
         351          57          92          56          53
         291          94          93          57          92
         466         286          60         285          59
         406         287          64         286          60
         346         288          65         287          64
         467          60          58          59           6
         468          58          67           6          66
         408          63          68          58          67
         407          64          63          60          58
         347          65          62          64          63
         348          62          70          63          68
         288          97          96          62          70
         289          96          95          70          69
         287          61          97          65          62
         286         289          61         288          65
         226         290          99         289          61
         227          99          98          61          97
         231          75          74          94          93
         170          88          77          87          75
         230          87          75          95          94
         233         164         163         161         162
         172          76         165          74         164
         292          93         161          92         160
         232          74         164          93         161
         112          72          71          76         165
         113          71         167         165         166
          52          73          30          72          71
          53          30         168          71         167
          51          90          73          89          72
         111          89          72          77          76
         110          91          89          88          77
         171          77          76          75          74
         168          84          83          98          82
         166         291          79         290          99
         167          79          84          99          98
         107          78          85          79          84
         106         292          78         291          79
          46         293          32         292          78
          47          32          86          78          85
         228          98          82          97          96
         229          82          87          96          95
         169          83          88          82          87
         109          81          91          83          88
          48          86          80          85          81
         108          85          81          84          83
          49          80          31          81          91
          50          31          90          91          89
         478         107         106         100         105
         476         119         118         117           3
         477         118         107           3         100
         357         121         109         120         108
         417         120         108         118         107
         298         150         149         109         148
         297         151         150         121         109
         480         103         101           2           1
         479         106         103         105           2
         420         104          23         103         101
         360         147         146         104          23
         418         108         102         107         106
         419         102         104         106         103
         359         148         147         102         104
         358         109         148         108         102
         416         115         120         119         118
         415         116         115         112         119
         475         112         119         111         117
         474         110         112           4         111
         473         156         110         155           4
         414         158         116         110         112
         413         157         158         156         110
         234         163         154         162         153
         294         162         153         159         114
         354         159         114         158         116
         293         161         162         160         159
         356         113         121         115         120
         355         114         113         116         115
         295         153         152         114         113
         296         152         151         113         121
         299         149         122         148         147
         240         129         128         122          25
         300         122          25         147         146
         238         141         130         150         149
         237         142         141         151         150
         239         130         129         149         122
         178         143         131         141         130
         180         125         123         129         128
         179         131         125         130         129
         120         126          26         125         123
          60         127          27         126          26
         118         144         124         143         131
         119         124         126         131         125
          58         145          28         144         124
          59          28         127         124         126
         235         154         136         153         152
         174         166         132         163         154
         175         132         137         154         136
         114         167         139         166         132
         173         165         166         164         163
         115         139         138         132         137
          54         168         140         167         139
         236         136         142         152         151
         176         137         134         136         142
         117         135         144         134         143
         177         134         143         142         141
         116         138         135         137         134
          55         140         133         139         138
          57          29         145         135         144
          56         133          29         138         135
         455         170         175         169         174
         454         187         170         186         169
         394         188         171         187         170
         275         215         214         189         177
         335         189         177         171         176
         395         171         176         170         175
         334         190         189         188         171
         456         175         172         174          10
         457         172         272          10         271
         397         173         273         172         272
         396         176         173         175         172
         337         212         276         173         273
         338         276         275         273         274
         336         177         212         176         173
         276         214         213         177         212
         451         542         180         541         179
         331         544         185         543         184
         391         543         184         542         180
         453         178         187          11         186
         452         180         178         179          11
         393         183         188         178         187
         392         184         183         180         178
         333         182         190         183         188
         332         185         182         184         183
         274         216         215         190         189
         273         217         216         182         190
         272         181         217         185         182
         271         545         181         544         185
         212         219         218         181         217
         211         546         219         545         181
         216         195         194         214         213
         155         208         197         207         195
         215         207         195         215         214
         157         196         281         194         280
         218         280         279         277         278
         217         194         280         213         277
         277         213         277         212         276
          97         192         191         196         281
          98         191         283         281         282
          38          35         284         191         283
          37         193          35         192         191
          96         209         192         197         196
          36         210         193         209         192
          95         211         209         208         197
         156         197         196         195         194
         153         204         203         218         202
         152         199         204         219         218
         151         547         199         546         219
          92         198         205         199         204
          91         548         198         547         199
          31         549          37         548         198
          32          37         206         198         205
         214         202         207         216         215
         213         218         202         217         216
         154         203         208         202         207
          94         201         211         203         208
          93         205         201         204         203
          33         206         200         205         201
          35          36         210         211         209
          34         200          36         201         211
         463         226         225         220         224
         461         238         237         236           8
         462         237         226           8         220
         342         240         228         239         227
         402         239         227         237         226
         283         266         265         228         264
         282         267         266         240         228
         465         222         286           7         285
         464         225         222         224           7
         405         223         287         222         286
         345         263         288         223         287
         403         227         221         226         225
         404         221         223         225         222
         344         264         263         221         223
         343         228         264         227         221
         401         234         239         238         237
         460         231         238         230         236
         400         235         234         231         238
         459         229         231           9         230
         458         272         229         271           9
         398         273         274         272         229
         399         274         235         229         231
         219         279         270         278         269
         279         278         269         275         233
         339         275         233         274         235
         278         277         278         276         275
         341         232         240         234         239
         340         233         232         235         234
         281         268         267         232         240
         280         269         268         233         232
         284         265         241         264         263
         225         246         290         241         289
         285         241         289         263         288
         223         258         247         266         265
         222         259         258         267         266
         224         247         246         265         241
         163         260         248         258         247
         165         243         291         246         290
         164         248         243         247         246
         105         244         292         243         291
          45         245         293         244         292
         104         242         244         248         243
         103         261         242         260         248
          44          33         245         242         244
          43         262          33         261         242
         220         270         253         269         268
         160         249         254         270         253
         159         282         249         279         270
          99         283         256         282         249
         158         281         282         280         279
         100         256         255         249         254
          39         284         257         283         256
         161         254         251         253         259
         221         253         259         268         267
         102         252         261         251         260
         162         251         260         259         258
         101         255         252         254         251
          40         257         250         256         255
          42          34         262         252         261
          41         250          34         255         252
         440         295         300         294         299
         439         312         295         311         294
         379         313         296         312         295
         320         314         302         296         301
         260         340         339         314         302
         319         315         314         313         296
         380         296         301         295         300
         442         297         397          15         396
         441         300         297         299          15
         382         298         398         297         397
         381         301         298         300         297
         323         401         400         398         399
         322         337         401         298         398
         321         302         337         301         298
         261         339         338         302         337
         436         533         305         532         304
         376         534         309         533         305
         316         535         310         534         309
         438         303         312          16         311
         437         305         303         304          16
         378         308         313         303         312
         377         309         308         305         303
         318         307         315         308         313
         317         310         307         309         308
         259         341         340         315         314
         258         342         341         307         315
         257         306         342         310         307
         256         536         306         535         310
         197         344         343         306         342
         196         537         344         536         306
         201         320         319         339         338
         200         332         320         340         339
         140         333         322         332         320
         203         405         404         402         403
         142         321         406         319         405
         202         319         405         338         402
         262         338         402         337         401
          83         316         408         406         407
          82         317         316         321         406
          23          40         409         316         408
          22         318          40         317         316
          21         335         318         334         317
          81         334         317         322         321
          80         336         334         333         322
         141         322         321         320         319
         138         329         328         343         327
         137         324         329         344         343
         136         538         324         537         344
          77         323         330         324         329
          76         539         323         538         324
          17          42         331         323         330
          16         540          42         539         323
         199         327         332         341         340
         198         343         327         342         341
          79         326         336         328         333
         139         328         333         327         332
          78         330         326         329         328
          18         331         325         330         326
          20          41         335         336         334
          19         325          41         326         336
         448         351         350         345         349
         446         363         362         361          13
         447         362         351          13         345
         387         364         352         362         351
         327         365         353         364         352
         268         391         390         353         389
         267         392         391         365         353
         450         347         542          12         541
         449         350         347         349          12
         390         348         543         347         542
         330         388         544         348         543
         389         346         348         350         347
         388         352         346         351         350
         329         389         388         346         348
         328         353         389         352         346
         386         359         364         363         362
         445         356         363         355         361
         385         360         359         356         363
         444         354         356          14         355
         443         397         354         396          14
         384         399         360         354         356
         383         398         399         397         354
         204         404         395         403         394
         264         403         394         400         358
         324         400         358         399         360
         263         402         403         401         400
         326         357         365         359         364
         325         358         357         360         359
         266         393         392         357         365
         265         394         393         358         357
         269         390         366         389         388
         210         371         546         366         545
         270         366         545         388         544
         208         383         372         391         390
         207         384         383         392         391
         209         372         371         390         366
         148         385         373         383         372
         150         368         547         371         546
         149         373         368         372         371
          30         370         549         369         548
          90         369         548         368         547
          89         367         369         373         368
          88         386         367         385         373
          29          38         370         367         369
          28         387          38         386         367
         205         395         378         394         393
         145         374         379         395         378
         144         407         374         404         395
          84         408         381         407         374
         143         406         407         405         404
          24         409         382         408         381
          85         381         380         374         379
         206         378         384         393         392
         146         379         376         378         384
          87         377         386         376         385
         147         376         385         384         383
          25         382         375         381         380
          86         380         377         379         376
          27          39         387         377         386
          26         375          39         380         377
         425         411         416         410         415
         424         431         411         430         410
         364         432         412         431         411
         245         461         460         433         418
         305         433         418         412         417
         365         412         417         411         416
         304         434         433         432         412
         427         413         519          20         518
         426         416         413         415          20
         367         414         520         413         519
         366         417         414         416         413
         308         523         522         520         521
         307         458         523         414         520
         246         460         459         418         458
         306         418         458         417         414
         421         419         422          22         421
         361          24         427         419         422
         301         429         428          24         427
         423         420         431          21         430
         422         422         420         421          21
         363         426         432         420         431
         362         427         426         422         420
         303         425         434         426         432
         302         428         425         427         426
         244         462         461         434         433
         243         463         462         425         434
         242         423         463         428         425
         241         424         423         429         428
         182         465         464         423         463
         181         466         465         424         423
         186         439         438         460         459
         125         454         441         453         439
         185         453         439         461         460
         127         440         528         438         527
         188         527         526         524         525
         247         459         524         458         523
         187         438         527         459         524
          68         435         530         528         529
          67         436         435         440         528
           7         437          45         436         435
           8          45         531         435         530
           6         456         437         455         436
          66         455         436         441         440
         126         441         440         439         438
          65         457         455         454         441
         123         450         449         464         448
         122         444         450         465         464
         121         445         444         466         465
          62         442         451         444         450
          61         443         442         445         444
           2          47         452         442         451
           1          48          47         443         442
         184         448         453         462         461
         183         464         448         463         462
         124         449         454         448         453
          64         447         457         449         454
          63         451         447         450         449
           3         452         446         451         447
           5          46         456         457         455
           4         446          46         447         457
         433         473         472         467         471
         432         484         473          18         467
         431         485         484         483          18
         372         486         474         484         473
         312         487         475         486         474
         253         513         512         475         511
         252         514         513         487         475
         435         469         533          17         532
         434         472         469         471          17
         375         470         534         469         533
         315         510         535         470         534
         374         468         470         472         469
         373         474         468         473         472
         314         511         510         468         470
         313         475         511         474         468
         371         481         486         485         484
         430         478         485         477         483
         370         482         481         478         485
         429         476         478          19         477
         428         519         476         518          19
         369         521         482         476         478
         368         520         521         519         476
         249         525         516         522         480
         189         526         517         525         516
         248         524         525         523         522
         309         522         480         521         482
         311         479         487         481         486
         310         480         479         482         481
         251         515         514         479         487
         250         516         515         480         479
         254         512         488         511         510
         255         488         536         510         535
         195         493         537         488         536
         193         505         494         513         512
         192         506         505         514         513
         194         494         493         512         488
         133         507         495         505         494
         135         490         538         493         537
         134         495         490         494         493
          15         492         540         491         539
          75         491         539         490         538
          74         489         491         495         490
          73         508         489         507         495
          14          43         492         489         491
          13         509          43         508         489
         190         517         500         516         515
         130         496         501         517         500
         129         529         496         526         517
          69         530         503         529         496
         128         528         529         527         526
           9         531         504         530         503
          70         503         502         496         501
         191         500         506         515         514
         131         501         498         500         506
          72         499         508         498         507
         132         498         507         506         505
          10         504         497         503         502
          71         502         499         501         498
          12          44         509         499         508
          11         497          44         502         499
