         286         327           8         256        1144         327           0
         159         327         180         326         185
         151         180         173         185         184
         144         173         171         184         183
         146         171         225         183         182
         145         172         227         171         225
          23          72          73          23          22
          98         158         117         157         108
          99         117         111         108         110
         205         294         293         232         238
         139         183         164         184         170
         137         164         169         170         168
         134         169         167         168         160
         221         310         309         246         308
         175         309         194         308         227
         174         194         226         227         225
         103         111         115         110         135
         101         115         138         135         137
         181         203         199         201         200
         183         202         203         224         201
         176         213         202         223         224
         178         218         213         222         223
         170         192         218         226         222
         171         193         192         194         226
          23          73          78          22          77
          47          78          53          77          76
          69         102          79         103          81
          91         101          98         156         155
          53         156         155          65          54
          35         315         314          46          45
          34         314         312          45          44
          71          79          88          81          80
         245         290         289         299         298
         247         272         290         271         299
         242         281         272         270         271
         243         282         281         269         270
          55          54         155         151         154
          33         312         311          44          51
          83         326         313         106         105
          79         313         317         105          84
          79         317         321          84          86
          66          88          91          80         141
          67          91          90         141         140
         112         138         128         137         122
          45          69          75          49          74
          47          49          74          53          76
          46          50          49          52          53
          42          48          50          51          52
          43         316          48         311          51
         117         128         133         122         132
         232         289         297         298         296
         223         297         295         296         249
         223         295         310         249         246
          57          66          65          61          64
          89         100         106          96         104
         207         291         292         236         235
         207         292         294         235         232
         149         307         308         172         227
         220         248         246         307         308
         150         178         172         173         171
         158         179         180         325         327
         151         178         173         179         180
         122         133         125         132         131
         175         198         193         309         194
         173         306         198         310         309
         239         262         306         295         310
         239         263         262         297         295
         234         268         263         289         297
         233         288         268         290         289
         247         280         288         272         290
         246         283         280         281         272
         255         275         283         282         281
          93          98          97         147         146
         210         245         244         240         239
         213         241         255         242         243
         211         244         250         239         251
         215         255         254         243         253
         212         324         323         241         255
         147         226         222         225         182
         141         222         223         182         165
          74          85          83          91          90
          75          89          85          88          91
         123         125         124         131         130
          72         321         320          86          82
          64          81          80         143         142
          68         103          81         144         143
          95         146         103         145         144
          92         155          98         154         147
          21          21          25          35          34
          19          25          24          34          33
          18          24          41          33          40
          73          86          82          85          83
           3          41          37          40           9
           1          37          71           9          10
           6          71          70          10          20
           7          70         153          20         152
         105         153         112         152         118
         143         220         219         167         166
         143         221         220         169         167
         142         165         221         164         169
         136         182         165         183         164
         244         271         299         294         293
         240         270         271         292         294
         241         269         270         291         292
         140         223         224         165         221
         135         167         166         160         159
         111         147         146         113         145
         110         154         147         112         113
         183         224         201         221         220
          95          97         102         146         103
          31          35          34           8          28
          29          34          33          28          32
          28          33          40          32          39
         148         305         307         178         172
         216         251         248         305         307
         157         177         178         176         179
         152         175         177         174         176
         208         239         251         304         305
         104         151         154         153         112
         177         210         212         202         203
         179         214         210         213         202
         184         217         214         218         213
         168         197         217         192         218
         169         196         197         193         192
         172         195         196         198         193
         160         303         195         306         198
         237         267         303         262         306
         238         266         267         263         262
         235         265         266         268         263
         231         287         265         288         268
         254         279         287         280         288
         255         278         279         283         280
         253         274         278         275         283
          94          96         104          97         102
         192         323         322         255         254
         214         242         243         245         244
          71          87          89          79          88
          40          68          50          67          48
          41          67          48         322         316
          44          68          69          50          49
         191         206           7         212         211
         190         209         206         210         212
         132         160         159         163         162
           2          40           9          39          18
           4           9          10          18          17
           5          10          20          17          19
           8          20         152          19         158
         107         152         118         158         117
         102         118         114         117         111
         103         114         116         111         115
         109         116         136         115         138
         128         163         162         321         320
         106         112         113         118         114
         111         113         145         114         116
         108         145         144         116         136
         114         144         143         136         129
         125         143         142         129         127
         133         168         160         161         163
         130         170         168         181         161
         138         184         170         185         181
         204         232         238         234         237
          55          54         151          56          55
          50          56          55          69          75
         186         207         209         214         210
         115         136         129         138         128
         120         129         127         128         133
         121         127         126         133         125
         127         126           6         125         124
         185         216         207         217         214
         209         240         239         302         304
         154         304         305         177         178
         156         176         179         319         325
         155         302         304         175         177
         153         174         176         318         319
         129         161         163         317         321
         215         243         253         244         250
         194         322         316         254         229
         193         254         229         253         230
          51          64          56          68          69
         167         188         216         197         217
          87          95          99          94         101
          85         318         319          92          95
         126         141         140         139         123
          65          80         141         142         139
         202         231         233         315         314
          31           8          28          31          30
          30          28          32          30          29
          27          32          39          29          38
          15          39          18          38          13
          14          18          17          13          16
          10          17          19          16          15
           9          19         158          15         157
         166         191         188         196         197
          70         104          87         102          79
          39          47          52          78          53
         206         235         232         233         234
         203         236         235         231         233
          90         101          96          98          97
          63          59          60         324         323
         162         189         191         195         196
         182         201         200         220         219
         161         301         189         303         195
         236         264         301         267         303
          84          92          95          93          94
          52         150         156          66          65
          62          63          62          59          60
          61          62          68          60          67
          54          65          54          64          56
         227         260         264         266         267
         230         261         260         265         266
         180         212         211         203         199
         131         181         161         313         317
         124         142         139         127         126
         127         139         123         126           6
          39          43          47          73          78
          37          42          43          72          73
          56         149         150          58          66
          59          57          61          63          62
          63          60          67         323         322
          60          61          64          62          68
          58          58          66          57          61
          20          23          22          21          25
          22          22          77          25          24
          17          77          76          24          41
         231         284         261         287         265
         222         248         247         246         249
         218         247         252         249         296
         199         252         228         296         298
         198         228         293         298         299
         197         230         238         228         293
         159         185         181         326         313
         251           5         273         277         276
         250         273         286         276         285
         229         286         258         285         284
         228         258         259         284         261
         225         259         256         261         260
         224         256         257         260         264
         226         257         300         264         301
         163         300         190         301         189
         165         190         186         189         191
         164         186         187         191         188
         167         187         215         188         216
         187         215         208         216         207
         189         208         204         207         209
         188         204         205         209         206
         191         205           4         206           7
         249         285         284         279         287
         248         276         285         278         279
          16          76          74          41          37
           0          74          75          37          71
          48          75          55          71          70
          88          99         100         101          96
          81         325         327          99         100
          87          94         101         150         156
          86          93          94         149         150
         252         277         276         274         278
         119         131         130           3           2
         119         132         131         119           3
         118         122         132         120         119
         116         137         122         121         120
         113         135         137         134         121
         100         110         135         109         134
          96         108         110         107         109
          97         157         108         148         107
          11          15         157          14         148
          13          16          15          11          14
          12          13          16          12          11
          15          38          13          36          12
          26          29          38          27          36
          25          30          29          26          27
          24          31          30           1          26
         200         234         237         312         311
          80         319         325          95          99
          82         327         326         100         106
          36          46          45          42          43
          38          45          44          43          47
          32          44          51          47          52
          77         106         105         104          87
          76         105          84          87          89
          78          84          86          89          85
          49          55         151          70         153
         196         229         237         230         238
         195         316         311         229         237
         199         253         230         252         228
         217         250         247         251         248
         219         253         252         250         247
         201         233         234         314         312
