         640         891           9         512        5120         891           0
         495          13         655         659         658          12         654         657         656
         493         655         686         658         685         654         684         656         683
         511         686         667         685         676         684         666         683         675
         509         667         671         676         670         666         669         675         668
         505         671         697         670         696         669         695         668         694
         463         697         616         696         618         695         615         694         617
         461         616         649         618         648         615         647         617         646
         467         649         625         648         624         647         629         646         628
         465         625         623         624         639         629         627         628         636
         464         623          11         639         638         627         626         636         635
         489         659         658         652         665         657         656         653         664
         492         658         685         665         682         656         683         664         681
         501         685         676         682         674         683         675         681         672
         508         676         670         674         673         675         668         672         693
         507         670         696         673         692         668         694         693         691
         457         696         618         692         622         694         617         691         621
         460         618         648         622         645         617         646         621         644
         467         648         624         645         633         646         628         644         632
         466         624         639         633         637         628         636         632         634
         473         639         638         637         631         636         635         634         630
         488         652         665         663         662         653         664         661         660
         481         665         682         662         680         664         681         660         678
         503         682         674         680         679         681         672         678         677
         499         674         673         679         690         672         693         677         689
         498         673         692         690         688         693         691         689         687
         456         692         622         688         620         691         621         687         619
         453         622         645         620         643         621         644         619         641
         479         645         633         643         642         644         632         641         640
         478         633         637         642         792         632         634         640         791
         475         637         631         792         790         634         630         791         789
         487         663         662         651         788         661         660         650         787
         486         662         680         788         786         660         678         787         785
         483         680         679         786         784         678         677         785         783
         499         679         690         784         782         677         689         783         781
         451         690         688         782         780         689         687         781         779
         449         688         620         780         778         687         619         779         777
         448         620         643         778         776         619         641         777         775
         455         643         642         776         774         641         640         775         773
         477         642         792         774         772         640         791         773         771
         345         792         790         772         466         791         789         771         465
         485         651         788         770         769         650         787         768         767
         353         788         786         769         517         787         785         767         515
         379         786         784         517         516         785         783         515         514
         378         784         782         516         507         783         781         514         506
         383         782         780         507         529         781         779         506         528
         335         780         778         529         525         779         777         528         523
         335         778         776         525         482         777         775         523         480
         351         776         774         482         481         775         773         480         479
         350         774         772         481         472         773         771         479         471
         347         772         466         472         470         771         465         471         469
         359         770         769         484         499         768         767         483         496
         358         769         517         499         498         767         515         496         495
         355         517         516         498         513         515         514         495         512
         377         516         507         513         505         514         506         512         504
         373         507         529         505         527         506         528         504         526
         381         529         525         527         524         528         523         526         522
         331         525         482         524         455         523         480         522         454
         331         482         481         455         478         480         479         454         477
         349         481         472         478         468         479         471         477         467
         341         472         470         468         460         471         469         467         459
         357         484         499         493         497         483         496         492         494
         363         499         498         497         487         496         495         494         491
         363         498         513         487         511         495         512         491         510
         375         513         505         511         503         512         504         510         502
         375         505         527         503         521         504         526         502         520
         327         527         524         521         451         526         522         520         450
         326         524         455         451         453         522         454         450         452
         329         455         478         453         476         454         477         452         475
         343         478         468         476         464         477         467         475         463
         343         468         460         464         462         467         459         463         461
         361         493         497          10         485         492         494         490         489
         360         497         487         485         486         494         491         489         488
         362         487         511         486         509         491         510         488         508
         369         511         503         509         500         510         502         508         501
         368         503         521         500         519         502         520         501         518
         325         521         451         519         449         520         450         518         448
         321         451         453         449         446         450         452         448         447
         320         453         476         446         474         452         475         447         473
         337         476         464         474         456         475         463         473         458
         336         464         462         456           9         463         461         458         457
         495          12         654         657         656         740         739         738         737
         494         654         684         656         683         739         736         737         735
         511         684         666         683         675         736         734         735         733
         510         666         669         675         668         734         732         733         731
         504         669         695         668         694         732         730         731         729
         463         695         615         694         617         730         728         729         727
         462         615         647         617         646         728         726         727         725
         471         647         629         646         628         726         724         725         723
         469         629         627         628         636         724         722         723         721
         468         627         626         636         635         722         720         721         719
         491         657         656         653         664         738         737         718         717
         490         656         683         664         681         737         735         717         716
         500         683         675         681         672         735         733         716         715
         506         675         668         672         693         733         731         715         714
         507         668         694         693         691         731         729         714         713
         459         694         617         691         621         729         727         713         712
         458         617         646         621         644         727         725         712         711
         471         646         628         644         632         725         723         711         710
         470         628         636         632         634         723         721         710         709
         472         636         635         634         630         721         719         709         708
         491         653         664         661         660         718         717         707         706
         480         664         681         660         678         717         716         706         705
         503         681         672         678         677         716         715         705         704
         502         672         693         677         689         715         714         704         703
         450         693         691         689         687         714         713         703         702
         459         691         621         687         619         713         712         702         701
         452         621         644         619         641         712         711         701         700
         479         644         632         641         640         711         710         700         699
         474         632         634         640         791         710         709         699         766
         475         634         630         791         789         709         708         766         765
         487         661         660         650         787         707         706         698         764
         482         660         678         787         785         706         705         764         763
         483         678         677         785         783         705         704         763         762
         497         677         689         783         781         704         703         762         761
         496         689         687         781         779         703         702         761         760
         451         687         619         779         777         702         701         760         759
         454         619         641         777         775         701         700         759         758
         455         641         640         775         773         700         699         758         757
         476         640         791         773         771         699         766         757         756
         344         791         789         771         465         766         765         756         572
         484         650         787         768         767         698         764         755         754
         352         787         785         767         515         764         763         754         571
         379         785         783         515         514         763         762         571         570
         382         783         781         514         506         762         761         570         569
         383         781         779         506         528         761         760         569         568
         380         779         777         528         523         760         759         568         567
         334         777         775         523         480         759         758         567         566
         351         775         773         480         479         758         757         566         565
         346         773         771         479         471         757         756         565         564
         347         771         465         471         469         756         572         564         563
         359         768         767         483         496         755         754         562         561
         354         767         515         496         495         754         571         561         560
         355         515         514         495         512         571         570         560         559
         376         514         506         512         504         570         569         559         558
         372         506         528         504         526         569         568         558         557
         333         528         523         526         522         568         567         557         556
         332         523         480         522         454         567         566         556         555
         330         480         479         454         477         566         565         555         554
         348         479         471         477         467         565         564         554         553
         340         471         469         467         459         564         563         553         552
         356         483         496         492         494         562         561         551         550
         367         496         495         494         491         561         560         550         549
         367         495         512         491         510         560         559         549         548
         371         512         504         510         502         559         558         548         547
         374         504         526         502         520         558         557         547         546
         327         526         522         520         450         557         556         546         545
         323         522         454         450         452         556         555         545         544
         328         454         477         452         475         555         554         544         543
         339         477         467         475         463         554         553         543         542
         342         467         459         463         461         553         552         542         541
         365         492         494         490         489         551         550         540         539
         364         494         491         489         488         550         549         539         538
         366         491         510         488         508         549         548         538         537
         371         510         502         508         501         548         547         537         536
         370         502         520         501         518         547         546         536         535
         324         520         450         518         448         546         545         535         534
         323         450         452         448         447         545         544         534         533
         322         452         475         447         473         544         543         533         532
         339         475         463         473         458         543         542         532         531
         338         463         461         458         457         542         541         531         530
         431         740         739         738         737           8         593         595         594
         429         739         736         737         735         593         608         594         607
         447         736         734         735         733         608         599         607         603
         445         734         732         733         731         599         601         603         600
         441         732         730         731         729         601         614         600         613
         399         730         728         729         727         614         573         613         574
         397         728         726         727         725         573         590         574         589
         403         726         724         725         723         590         580         589         579
         401         724         722         723         721         580         578         579         585
         400         722         720         721         719         578         577         585         584
         425         738         737         718         717         595         594         592         598
         428         737         735         717         716         594         607         598         606
         437         735         733         716         715         607         603         606         602
         444         733         731         715         714         603         600         602         612
         443         731         729         714         713         600         613         612         611
         393         729         727         713         712         613         574         611         576
         396         727         725         712         711         574         589         576         588
         403         725         723         711         710         589         579         588         582
         402         723         721         710         709         579         585         582         583
         409         721         719         709         708         585         584         583         581
         424         718         717         707         706         592         598         597         596
         417         717         716         706         705         598         606         596         605
         439         716         715         705         704         606         602         605         604
         435         715         714         704         703         602         612         604         610
         434         714         713         703         702         612         611         610         609
         392         713         712         702         701         611         576         609         575
         389         712         711         701         700         576         588         575         587
         415         711         710         700         699         588         582         587         586
         414         710         709         699         766         582         583         586         753
         411         709         708         766         765         583         581         753         752
         423         707         706         698         764         597         596         591         751
         422         706         705         764         763         596         605         751         750
         419         705         704         763         762         605         604         750         749
         435         704         703         762         761         604         610         749         748
         387         703         702         761         760         610         609         748         747
         385         702         701         760         759         609         575         747         746
         384         701         700         759         758         575         587         746         745
         391         700         699         758         757         587         586         745         744
         413         699         766         757         756         586         753         744         743
         281         766         765         756         572         753         752         743         413
         421         698         764         755         754         591         751         742         741
         289         764         763         754         571         751         750         741         439
         315         763         762         571         570         750         749         439         438
         314         762         761         570         569         749         748         438         434
         319         761         760         569         568         748         747         434         445
         271         760         759         568         567         747         746         445         443
         271         759         758         567         566         746         745         443         421
         287         758         757         566         565         745         744         421         420
         286         757         756         565         564         744         743         420         416
         283         756         572         564         563         743         413         416         415
         295         755         754         562         561         742         741         422         430
         294         754         571         561         560         741         439         430         429
         291         571         570         560         559         439         438         429         437
         313         570         569         559         558         438         434         437         433
         309         569         568         558         557         434         445         433         444
         317         568         567         557         556         445         443         444         442
         267         567         566         556         555         443         421         442         407
         267         566         565         555         554         421         420         407         419
         285         565         564         554         553         420         416         419         414
         277         564         563         553         552         416         415         414         410
         293         562         561         551         550         422         430         427         428
         299         561         560         550         549         430         429         428         426
         299         560         559         549         548         429         437         426         436
         311         559         558         548         547         437         433         436         432
         311         558         557         547         546         433         444         432         441
         263         557         556         546         545         444         442         441         405
         262         556         555         545         544         442         407         405         406
         265         555         554         544         543         407         419         406         418
         279         554         553         543         542         419         414         418         412
         279         553         552         542         541         414         410         412         411
         297         551         550         540         539         427         428         425         424
         296         550         549         539         538         428         426         424         423
         298         549         548         538         537         426         436         423         435
         305         548         547         537         536         436         432         435         431
         304         547         546         536         535         432         441         431         440
         261         546         545         535         534         441         405         440         404
         257         545         544         534         533         405         406         404         403
         256         544         543         533         532         406         418         403         417
         273         543         542         532         531         418         412         417         409
         272         542         541         531         530         412         411         409         408
         431           8         593         595         594         891         890         889         888
         430         593         608         594         607         890         887         888         886
         447         608         599         607         603         887         885         886         884
         446         599         601         603         600         885         883         884         882
         440         601         614         600         613         883         881         882         880
         399         614         573         613         574         881         879         880         878
         398         573         590         574         589         879         877         878         876
         407         590         580         589         579         877         875         876         874
         405         580         578         579         585         875         873         874         872
         404         578         577         585         584         873         871         872         870
         427         595         594         592         598         889         888         869         868
         426         594         607         598         606         888         886         868         867
         436         607         603         606         602         886         884         867         866
         442         603         600         602         612         884         882         866         865
         443         600         613         612         611         882         880         865         864
         395         613         574         611         576         880         878         864         863
         394         574         589         576         588         878         876         863         862
         407         589         579         588         582         876         874         862         861
         406         579         585         582         583         874         872         861         860
         408         585         584         583         581         872         870         860         859
         427         592         598         597         596         869         868         858         857
         416         598         606         596         605         868         867         857         856
         439         606         602         605         604         867         866         856         855
         438         602         612         604         610         866         865         855         854
         386         612         611         610         609         865         864         854         853
         395         611         576         609         575         864         863         853         852
         388         576         588         575         587         863         862         852         851
         415         588         582         587         586         862         861         851         850
         410         582         583         586         753         861         860         850         849
         411         583         581         753         752         860         859         849         848
         423         597         596         591         751         858         857         847         846
         418         596         605         751         750         857         856         846         845
         419         605         604         750         749         856         855         845         844
         433         604         610         749         748         855         854         844         843
         432         610         609         748         747         854         853         843         842
         387         609         575         747         746         853         852         842         841
         390         575         587         746         745         852         851         841         840
         391         587         586         745         744         851         850         840         839
         412         586         753         744         743         850         849         839         838
         280         753         752         743         413         849         848         838         837
         420         591         751         742         741         847         846         836         835
         288         751         750         741         439         846         845         835         834
         315         750         749         439         438         845         844         834         833
         318         749         748         438         434         844         843         833         832
         319         748         747         434         445         843         842         832         831
         316         747         746         445         443         842         841         831         830
         270         746         745         443         421         841         840         830         829
         287         745         744         421         420         840         839         829         828
         282         744         743         420         416         839         838         828         827
         283         743         413         416         415         838         837         827         826
         295         742         741         422         430         836         835         825         824
         290         741         439         430         429         835         834         824         823
         291         439         438         429         437         834         833         823         822
         312         438         434         437         433         833         832         822         821
         308         434         445         433         444         832         831         821         820
         269         445         443         444         442         831         830         820         819
         268         443         421         442         407         830         829         819         818
         266         421         420         407         419         829         828         818         817
         284         420         416         419         414         828         827         817         816
         276         416         415         414         410         827         826         816         815
         292         422         430         427         428         825         824         814         813
         303         430         429         428         426         824         823         813         812
         303         429         437         426         436         823         822         812         811
         307         437         433         436         432         822         821         811         810
         310         433         444         432         441         821         820         810         809
         263         444         442         441         405         820         819         809         808
         259         442         407         405         406         819         818         808         807
         264         407         419         406         418         818         817         807         806
         275         419         414         418         412         817         816         806         805
         278         414         410         412         411         816         815         805         804
         301         427         428         425         424         814         813         803         802
         300         428         426         424         423         813         812         802         801
         302         426         436         423         435         812         811         801         800
         307         436         432         435         431         811         810         800         799
         306         432         441         431         440         810         809         799         798
         260         441         405         440         404         809         808         798         797
         259         405         406         404         403         808         807         797         796
         258         406         418         403         417         807         806         796         795
         275         418         412         417         409         806         805         795         794
         274         412         411         409         408         805         804         794         793
         239         891         890         889         888           7         286         288         287
         237         890         887         888         886         286         301         287         300
         255         887         885         886         884         301         292         300         296
         253         885         883         884         882         292         294         296         293
         249         883         881         882         880         294         307         293         306
         207         881         879         880         878         307         266         306         267
         205         879         877         878         876         266         283         267         282
         211         877         875         876         874         283         273         282         272
         209         875         873         874         872         273         271         272         278
         208         873         871         872         870         271         270         278         277
         233         889         888         869         868         288         287         285         291
         236         888         886         868         867         287         300         291         299
         245         886         884         867         866         300         296         299         295
         252         884         882         866         865         296         293         295         305
         251         882         880         865         864         293         306         305         304
         201         880         878         864         863         306         267         304         269
         204         878         876         863         862         267         282         269         281
         211         876         874         862         861         282         272         281         275
         210         874         872         861         860         272         278         275         276
         217         872         870         860         859         278         277         276         274
         232         869         868         858         857         285         291         290         289
         225         868         867         857         856         291         299         289         298
         247         867         866         856         855         299         295         298         297
         243         866         865         855         854         295         305         297         303
         242         865         864         854         853         305         304         303         302
         200         864         863         853         852         304         269         302         268
         197         863         862         852         851         269         281         268         280
         223         862         861         851         850         281         275         280         279
         222         861         860         850         849         275         276         279         402
         219         860         859         849         848         276         274         402         401
         231         858         857         847         846         290         289         284         400
         230         857         856         846         845         289         298         400         399
         227         856         855         845         844         298         297         399         398
         243         855         854         844         843         297         303         398         397
         195         854         853         843         842         303         302         397         396
         193         853         852         842         841         302         268         396         395
         192         852         851         841         840         268         280         395         394
         199         851         850         840         839         280         279         394         393
         221         850         849         839         838         279         402         393         392
          89         849         848         838         837         402         401         392         108
         229         847         846         836         835         284         400         391         390
          97         846         845         835         834         400         399         390         134
         123         845         844         834         833         399         398         134         133
         122         844         843         833         832         398         397         133         129
         127         843         842         832         831         397         396         129         140
          79         842         841         831         830         396         395         140         138
          79         841         840         830         829         395         394         138         116
          95         840         839         829         828         394         393         116         115
          94         839         838         828         827         393         392         115         111
          91         838         837         827         826         392         108         111         110
         103         836         835         825         824         391         390         117         125
         102         835         834         824         823         390         134         125         124
          99         834         833         823         822         134         133         124         132
         121         833         832         822         821         133         129         132         128
         117         832         831         821         820         129         140         128         139
         125         831         830         820         819         140         138         139         137
          75         830         829         819         818         138         116         137         102
          75         829         828         818         817         116         115         102         114
          93         828         827         817         816         115         111         114         109
          85         827         826         816         815         111         110         109         105
         101         825         824         814         813         117         125         122         123
         107         824         823         813         812         125         124         123         121
         107         823         822         812         811         124         132         121         131
         119         822         821         811         810         132         128         131         127
         119         821         820         810         809         128         139         127         136
          71         820         819         809         808         139         137         136         100
          70         819         818         808         807         137         102         100         101
          73         818         817         807         806         102         114         101         113
          87         817         816         806         805         114         109         113         107
          87         816         815         805         804         109         105         107         106
         105         814         813         803         802         122         123         120         119
         104         813         812         802         801         123         121         119         118
         106         812         811         801         800         121         131         118         130
         113         811         810         800         799         131         127         130         126
         112         810         809         799         798         127         136         126         135
          69         809         808         798         797         136         100         135          99
          65         808         807         797         796         100         101          99          98
          64         807         806         796         795         101         113          98         112
          81         806         805         795         794         113         107         112         104
          80         805         804         794         793         107         106         104         103
         239           7         286         288         287         350         349         348         347
         238         286         301         287         300         349         346         347         345
         255         301         292         300         296         346         344         345         343
         254         292         294         296         293         344         342         343         341
         248         294         307         293         306         342         340         341         339
         207         307         266         306         267         340         338         339         337
         206         266         283         267         282         338         336         337         335
         215         283         273         282         272         336         334         335         333
         213         273         271         272         278         334         332         333         331
         212         271         270         278         277         332         330         331         329
         235         288         287         285         291         348         347         328         327
         234         287         300         291         299         347         345         327         326
         244         300         296         299         295         345         343         326         325
         250         296         293         295         305         343         341         325         324
         251         293         306         305         304         341         339         324         323
         203         306         267         304         269         339         337         323         322
         202         267         282         269         281         337         335         322         321
         215         282         272         281         275         335         333         321         320
         214         272         278         275         276         333         331         320         319
         216         278         277         276         274         331         329         319         318
         235         285         291         290         289         328         327         317         316
         224         291         299         289         298         327         326         316         315
         247         299         295         298         297         326         325         315         314
         246         295         305         297         303         325         324         314         313
         194         305         304         303         302         324         323         313         312
         203         304         269         302         268         323         322         312         311
         196         269         281         268         280         322         321         311         310
         223         281         275         280         279         321         320         310         309
         218         275         276         279         402         320         319         309         389
         219         276         274         402         401         319         318         389         388
         231         290         289         284         400         317         316         308         387
         226         289         298         400         399         316         315         387         386
         227         298         297         399         398         315         314         386         385
         241         297         303         398         397         314         313         385         384
         240         303         302         397         396         313         312         384         383
         195         302         268         396         395         312         311         383         382
         198         268         280         395         394         311         310         382         381
         199         280         279         394         393         310         309         381         380
         220         279         402         393         392         309         389         380         379
          88         402         401         392         108         389         388         379         183
         228         284         400         391         390         308         387         378         377
          96         400         399         390         134         387         386         377         182
         123         399         398         134         133         386         385         182         181
         126         398         397         133         129         385         384         181         180
         127         397         396         129         140         384         383         180         179
         124         396         395         140         138         383         382         179         178
          78         395         394         138         116         382         381         178         177
          95         394         393         116         115         381         380         177         176
          90         393         392         115         111         380         379         176         175
          91         392         108         111         110         379         183         175         174
         103         391         390         117         125         378         377         173         172
          98         390         134         125         124         377         182         172         171
          99         134         133         124         132         182         181         171         170
         120         133         129         132         128         181         180         170         169
         116         129         140         128         139         180         179         169         168
          77         140         138         139         137         179         178         168         167
          76         138         116         137         102         178         177         167         166
          74         116         115         102         114         177         176         166         165
          92         115         111         114         109         176         175         165         164
          84         111         110         109         105         175         174         164         163
         100         117         125         122         123         173         172         162         161
         111         125         124         123         121         172         171         161         160
         111         124         132         121         131         171         170         160         159
         115         132         128         131         127         170         169         159         158
         118         128         139         127         136         169         168         158         157
          71         139         137         136         100         168         167         157         156
          67         137         102         100         101         167         166         156         155
          72         102         114         101         113         166         165         155         154
          83         114         109         113         107         165         164         154         153
          86         109         105         107         106         164         163         153         152
         109         122         123         120         119         162         161         151         150
         108         123         121         119         118         161         160         150         149
         110         121         131         118         130         160         159         149         148
         115         131         127         130         126         159         158         148         147
         114         127         136         126         135         158         157         147         146
          68         136         100         135          99         157         156         146         145
          67         100         101          99          98         156         155         145         144
          66         101         113          98         112         155         154         144         143
          83         113         107         112         104         154         153         143         142
          82         107         106         104         103         153         152         142         141
         175         350         349         348         347           6         223         227         226
         173         349         346         347         345         223         253         226         252
         191         346         344         345         343         253         235         252         243
         189         344         342         343         341         235         239         243         238
         185         342         340         341         339         239         265         238         264
         143         340         338         339         337         265         185         264         187
         141         338         336         337         335         185         218         187         217
         147         336         334         335         333         218         198         217         197
         145         334         332         333         331         198         196         197         208
         144         332         330         331         329         196         195         208         207
         169         348         347         328         327         227         226         221         233
         172         347         345         327         326         226         252         233         251
         181         345         343         326         325         252         243         251         242
         188         343         341         325         324         243         238         242         263
         187         341         339         324         323         238         264         263         262
         137         339         337         323         322         264         187         262         191
         140         337         335         322         321         187         217         191         216
         147         335         333         321         320         217         197         216         205
         146         333         331         320         319         197         208         205         206
         153         331         329         319         318         208         207         206         200
         168         328         327         317         316         221         233         232         231
         161         327         326         316         315         233         251         231         250
         183         326         325         315         314         251         242         250         249
         179         325         324         314         313         242         263         249         261
         178         324         323         313         312         263         262         261         260
         136         323         322         312         311         262         191         260         190
         133         322         321         311         310         191         216         190         215
         159         321         320         310         309         216         205         215         214
         158         320         319         309         389         205         206         214         376
         155         319         318         389         388         206         200         376         375
         167         317         316         308         387         232         231         220         374
         166         316         315         387         386         231         250         374         373
         163         315         314         386         385         250         249         373         372
         179         314         313         385         384         249         261         372         371
         131         313         312         384         383         261         260         371         370
         129         312         311         383         382         260         190         370         369
         128         311         310         382         381         190         215         369         368
         135         310         309         381         380         215         214         368         367
         157         309         389         380         379         214         376         367         366
          25         389         388         379         183         376         375         366          35
         165         308         387         378         377         220         374         365         364
          33         387         386         377         182         374         373         364          86
          59         386         385         182         181         373         372          86          85
          58         385         384         181         180         372         371          85          76
          63         384         383         180         179         371         370          76          97
          15         383         382         179         178         370         369          97          95
          15         382         381         178         177         369         368          95          51
          31         381         380         177         176         368         367          51          50
          30         380         379         176         175         367         366          50          41
          27         379         183         175         174         366          35          41          40
          39         378         377         173         172         365         364          53          68
          38         377         182         172         171         364          86          68          67
          35         182         181         171         170          86          85          67          84
          57         181         180         170         169          85          76          84          75
          53         180         179         169         168          76          97          75          96
          61         179         178         168         167          97          95          96          94
          11         178         177         167         166          95          51          94          24
          11         177         176         166         165          51          50          24          49
          29         176         175         165         164          50          41          49          39
          21         175         174         164         163          41          40          39          29
          37         173         172         162         161          53          68          65          66
          43         172         171         161         160          68          67          66          60
          43         171         170         160         159          67          84          60          83
          55         170         169         159         158          84          75          83          72
          55         169         168         158         157          75          96          72          93
           7         168         167         157         156          96          94          93          19
           6         167         166         156         155          94          24          19          23
           9         166         165         155         154          24          49          23          48
          23         165         164         154         153          49          39          48          33
          23         164         163         153         152          39          29          33          32
          41         162         161         151         150          65          66          59          58
          40         161         160         150         149          66          60          58          57
          42         160         159         149         148          60          83          57          82
          49         159         158         148         147          83          72          82          70
          48         158         157         147         146          72          93          70          92
           5         157         156         146         145          93          19          92          18
           1         156         155         145         144          19          23          18          15
           0         155         154         144         143          23          48          15          47
          17         154         153         143         142          48          33          47          27
          16         153         152         142         141          33          32          27          26
         175           6         223         227         226           5         222         225         224
         174         223         253         226         252         222         248         224         247
         191         253         235         252         243         248         234         247         241
         190         235         239         243         238         234         237         241         236
         184         239         265         238         264         237         259         236         258
         143         265         185         264         187         259         184         258         186
         142         185         218         187         217         184         213         186         212
         151         218         198         217         197         213         194         212         193
         149         198         196         197         208         194         192         193         204
         148         196         195         208         207         192           4         204         203
         171         227         226         221         233         225         224           3         230
         170         226         252         233         251         224         247         230         246
         180         252         243         251         242         247         241         246         240
         186         243         238         242         263         241         236         240         257
         187         238         264         263         262         236         258         257         256
         139         264         187         262         191         258         186         256         189
         138         187         217         191         216         186         212         189         211
         151         217         197         216         205         212         193         211         201
         150         197         208         205         206         193         204         201         202
         152         208         207         206         200         204         203         202         199
         171         221         233         232         231           3         230         229         228
         160         233         251         231         250         230         246         228         245
         183         251         242         250         249         246         240         245         244
         182         242         263         249         261         240         257         244         255
         130         263         262         261         260         257         256         255         254
         139         262         191         260         190         256         189         254         188
         132         191         216         190         215         189         211         188         210
         159         216         205         215         214         211         201         210         209
         154         205         206         214         376         201         202         209         363
         155         206         200         376         375         202         199         363         362
         167         232         231         220         374         229         228         219         361
         162         231         250         374         373         228         245         361         360
         163         250         249         373         372         245         244         360         359
         177         249         261         372         371         244         255         359         358
         176         261         260         371         370         255         254         358         357
         131         260         190         370         369         254         188         357         356
         134         190         215         369         368         188         210         356         355
         135         215         214         368         367         210         209         355         354
         156         214         376         367         366         209         363         354         353
          24         376         375         366          35         363         362         353          34
         164         220         374         365         364         219         361         352         351
          32         374         373         364          86         361         360         351          81
          59         373         372          86          85         360         359          81          80
          62         372         371          85          76         359         358          80          74
          63         371         370          76          97         358         357          74          91
          60         370         369          97          95         357         356          91          90
          14         369         368          95          51         356         355          90          46
          31         368         367          51          50         355         354          46          45
          26         367         366          50          41         354         353          45          38
          27         366          35          41          40         353          34          38          37
          39         365         364          53          68         352         351          52          64
          34         364          86          68          67         351          81          64          63
          35          86          85          67          84          81          80          63          79
          56          85          76          84          75          80          74          79          73
          52          76          97          75          96          74          91          73          89
          13          97          95          96          94          91          90          89          22
          12          95          51          94          24          90          46          22          21
          10          51          50          24          49          46          45          21          44
          28          50          41          49          39          45          38          44          36
          20          41          40          39          29          38          37          36          28
          36          53          68          65          66          52          64          61          62
          47          68          67          66          60          64          63          62          56
          47          67          84          60          83          63          79          56          78
          51          84          75          83          72          79          73          78          71
          54          75          96          72          93          73          89          71          88
           7          96          94          93          19          89          22          88          17
           3          94          24          19          23          22          21          17          20
           8          24          49          23          48          21          44          20          43
          19          49          39          48          33          44          36          43          31
          22          39          29          33          32          36          28          31          30
          45          65          66          59          58          61          62           2          54
          44          66          60          58          57          62          56          54          55
          46          60          83          57          82          56          78          55          77
          51          83          72          82          70          78          71          77          69
          50          72          93          70          92          71          88          69          87
           4          93          19          92          18          88          17          87          16
           3          19          23          18          15          17          20          16          14
           2          23          48          15          47          20          43          14          42
          19          48          33          47          27          43          31          42          25
          18          33          32          27          26          31          30          25           1
