         64         72          6         64        256         72          0
         26         72         71         70         69
         27         71         68         69         67
         30         68         66         67         65
         31         66         64         65         63
         58         64         62         63         61
         59         62         60         61         59
         62         60         58         59         57
         63         58         56         57         55
         24         70         69         54         53
         25         69         67         53         52
         28         67         65         52         51
         29         65         63         51         50
         56         63         61         50         49
         57         61         59         49         48
         60         59         57         48         47
         61         57         55         47         46
         18         54         53         45         44
         19         53         52         44         43
         22         52         51         43         42
         23         51         50         42         41
         50         50         49         41         40
         51         49         48         40         39
         54         48         47         39         38
         55         47         46         38         37
         16         45         44         36         35
         17         44         43         35         34
         20         43         42         34         33
         21         42         41         33         32
         48         41         40         32         31
         49         40         39         31         30
         52         39         38         30         29
         53         38         37         29         28
         10         36         35         27         26
         11         35         34         26         25
         14         34         33         25         24
         15         33         32         24         23
         42         32         31         23         22
         43         31         30         22         21
         46         30         29         21         20
         47         29         28         20         19
          8         27         26         18         17
          9         26         25         17         16
         12         25         24         16         15
         13         24         23         15         14
         40         23         22         14         13
         41         22         21         13         12
         44         21         20         12         11
         45         20         19         11         10
          2         18         17          9          8
          3         17         16          8          7
          6         16         15          7          6
          7         15         14          6          5
         34         14         13          5          4
         35         13         12          4          3
         38         12         11          3          2
         39         11         10          2          1
          0          9          8         72         71
          1          8          7         71         68
          4          7          6         68         66
          5          6          5         66         64
         32          5          4         64         62
         33          4          3         62         60
         36          3          2         60         58
         37          2          1         58         56
