         256         289           8         256        1024         289           0
         250           4         242         244         243
         251         242         248         243         247
         254         248         245         247         246
         255         245         256         246         255
         234         256         229         255         230
         235         229         234         230         233
         238         234         231         233         232
         239         231         272         232         271
         186         272         181         271         182
         187         181         186         182         185
         190         186         183         185         184
         191         183         193         184         192
         170         193         167         192         168
         171         167         173         168         172
         174         173         169         172         171
         175         169           3         171         170
         248         244         243         252         251
         249         243         247         251         250
         252         247         246         250         249
         253         246         255         249         254
         232         255         230         254         237
         233         230         233         237         236
         236         233         232         236         235
         237         232         271         235         270
         184         271         182         270         189
         185         182         185         189         188
         188         185         184         188         187
         189         184         192         187         191
         168         192         168         191         177
         169         168         172         177         176
         172         172         171         176         175
         173         171         170         175         174
         242         252         251         239         238
         243         251         250         238         241
         246         250         249         241         240
         247         249         254         240         253
         226         254         237         253         226
         227         237         236         226         228
         230         236         235         228         227
         231         235         270         227         269
         178         270         189         269         178
         179         189         188         178         180
         182         188         187         180         179
         183         187         191         179         190
         162         191         177         190         163
         163         177         176         163         166
         166         176         175         166         165
         167         175         174         165         164
         240         239         238         264         263
         241         238         241         263         262
         244         241         240         262         261
         245         240         253         261         260
         224         253         226         260         259
         225         226         228         259         258
         228         228         227         258         257
         229         227         269         257         268
         176         269         178         268         201
         177         178         180         201         200
         180         180         179         200         199
         181         179         190         199         198
         160         190         163         198         197
         161         163         166         197         196
         164         166         165         196         195
         165         165         164         195         194
         218         264         263         216         215
         219         263         262         215         218
         222         262         261         218         217
         223         261         260         217         225
         202         260         259         225         205
         203         259         258         205         207
         206         258         257         207         206
         207         257         268         206         267
         154         268         201         267         154
         155         201         200         154         156
         158         200         199         156         155
         159         199         198         155         162
         138         198         197         162         143
         139         197         196         143         146
         142         196         195         146         145
         143         195         194         145         144
         216         216         215         222         221
         217         215         218         221         220
         220         218         217         220         219
         221         217         225         219         224
         200         225         205         224         210
         201         205         207         210         209
         204         207         206         209         208
         205         206         267         208         266
         152         267         154         266         159
         153         154         156         159         158
         156         156         155         158         157
         157         155         162         157         161
         136         162         143         161         150
         137         143         146         150         149
         140         146         145         149         148
         141         145         144         148         147
         210         222         221         212         211
         211         221         220         211         214
         214         220         219         214         213
         215         219         224         213         223
         194         224         210         223         202
         195         210         209         202         204
         198         209         208         204         203
         199         208         266         203         265
         146         266         159         265         151
         147         159         158         151         153
         150         158         157         153         152
         151         157         161         152         160
         130         161         150         160         139
         131         150         149         139         142
         134         149         148         142         141
         135         148         147         141         140
         208         212         211         289         288
         209         211         214         288         287
         212         214         213         287         286
         213         213         223         286         285
         192         223         202         285         284
         193         202         204         284         283
         196         204         203         283         282
         197         203         265         282         281
         144         265         151         281         280
         145         151         153         280         279
         148         153         152         279         278
         149         152         160         278         277
         128         160         139         277         276
         129         139         142         276         275
         132         142         141         275         274
         133         141         140         274         273
         122         289         288         113         112
         123         288         287         112         115
         126         287         286         115         114
         127         286         285         114         122
         106         285         284         122         102
         107         284         283         102         104
         110         283         282         104         103
         111         282         281         103         138
          58         281         280         138          51
          59         280         279          51          53
          62         279         278          53          52
          63         278         277          52          59
          42         277         276          59          40
          43         276         275          40          43
          46         275         274          43          42
          47         274         273          42          41
         120         113         112         119         118
         121         112         115         118         117
         124         115         114         117         116
         125         114         122         116         121
         104         122         102         121         107
         105         102         104         107         106
         108         104         103         106         105
         109         103         138         105         137
          56         138          51         137          56
          57          51          53          56          55
          60          53          52          55          54
          61          52          59          54          58
          40          59          40          58          47
          41          40          43          47          46
          44          43          42          46          45
          45          42          41          45          44
         114         119         118         109         108
         115         118         117         108         111
         118         117         116         111         110
         119         116         121         110         120
          98         121         107         120          99
          99         107         106          99         101
         102         106         105         101         100
         103         105         137         100         136
          50         137          56         136          48
          51          56          55          48          50
          54          55          54          50          49
          55          54          58          49          57
          34          58          47          57          36
          35          47          46          36          39
          38          46          45          39          38
          39          45          44          38          37
         112         109         108         130         129
         113         108         111         129         128
         116         111         110         128         127
         117         110         120         127         126
          96         120          99         126         125
          97          99         101         125         124
         100         101         100         124         123
         101         100         136         123         135
          48         136          48         135          67
          49          48          50          67          66
          52          50          49          66          65
          53          49          57          65          64
          32          57          36          64          63
          33          36          39          63          62
          36          39          38          62          61
          37          38          37          61          60
          90         130         129          88          87
          91         129         128          87          90
          94         128         127          90          89
          95         127         126          89          98
          74         126         125          98          74
          75         125         124          74          76
          78         124         123          76          75
          79         123         135          75         134
          26         135          67         134          26
          27          67          66          26          28
          30          66          65          28          27
          31          65          64          27          35
          10          64          63          35          12
          11          63          62          12          15
          14          62          61          15          14
          15          61          60          14          13
          88          88          87          94          93
          89          87          90          93          92
          92          90          89          92          91
          93          89          98          91          97
          72          98          74          97          79
          73          74          76          79          78
          76          76          75          78          77
          77          75         134          77         133
          24         134          26         133          31
          25          26          28          31          30
          28          28          27          30          29
          29          27          35          29          34
           8          35          12          34          19
           9          12          15          19          18
          12          15          14          18          17
          13          14          13          17          16
          82          94          93          82          81
          83          93          92          81          86
          86          92          91          86          84
          87          91          97          84          96
          66          97          79          96          69
          67          79          78          69          73
          70          78          77          73          71
          71          77         133          71         132
          18         133          31         132          21
          19          31          30          21          25
          22          30          29          25          23
          23          29          34          23          33
           2          34          19          33           6
           3          19          18           6          11
           6          18          17          11           9
           7          17          16           9           8
          80          82          81           2          80
          81          81          86          80          85
          84          86          84          85          83
          85          84          96          83          95
          64          96          69          95          68
          65          69          73          68          72
          68          73          71          72          70
          69          71         132          70         131
          16         132          21         131          20
          17          21          25          20          24
          20          25          23          24          22
          21          23          33          22          32
           0          33           6          32           5
           1           6          11           5          10
           4          11           9          10           7
           5           9           8           7           1
