        240        300          7        128       1920        300          0
        125          1          2        157          3          4          5        158          6
        102          7        205          8        206          9        207         10        208
        109          8        206         11        209         10        208         12        210
        117         13        211         14        212         15        213         16        214
        126          2        215          3        216          5        217          6        218
        101         17          7        159          8         18          9        160         10
        111        159          8         19         11        160         10         20         12
        119        161         13         21         14        162         15         22         16
        111         19         23        159         17         20         24        160         18
        125        163         25          1          2        164         26          4          5
        109         11        209         13        211         12        210         15        213
        126         25        219          2        215         26        220          5        217
        110         19         11        161         13         20         12        162         15
        119        161         21         19         23        162         22         20         24
        102          3        216          7        205          6        218          9        207
        117         14        212         25        219         16        214         26        220
        101        157          3         17          7        158          6         18          9
        118         21         14        163         25         22         16        164         26
        100         23          1         17        157         24          4         18        158
        124         21        163         23          1         22        164         24          4
        127          4          5        158          6         27         28        165         29
         97          9        207         10        208         30        221         31        222
        108         10        208         12        210         31        222         32        223
        116         15        213         16        214         33        224         34        225
        123          5        217          6        218         28        226         29        227
        103         18          9        160         10         35         30        166         31
        105        160         10         20         12        166         31         36         32
        113        162         15         22         16        167         33         37         34
        105         20         24        160         18         36         38        166         35
        124        164         26          4          5        168         39         27         28
        108         12        210         15        213         32        223         33        224
        127         26        220          5        217         39        228         28        226
        110         20         12        162         15         36         32        167         33
        113        162         22         20         24        167         37         36         38
        103          6        218          9        207         29        227         30        221
        116         16        214         26        220         34        225         39        228
        100        158          6         18          9        165         29         35         30
        118         22         16        164         26         37         34        168         39
         98         24          4         18        158         38         27         35        165
        121         22        164         24          4         37        168         38         27
        123         27         28        165         29         40         41        169         42
         97         30        221         31        222         43        229         44        230
        107         31        222         32        223         44        230         45        231
        115         33        224         34        225         46        232         47        233
        122         28        226         29        227         41        234         42        235
         99         35         30        166         31         48         43        170         44
        107        166         31         36         32        170         44         49         45
        115        167         33         37         34        171         46         50         47
        104         36         38        166         35         49         51        170         48
        120        168         39         27         28        172         52         40         41
        106         32        223         33        224         45        231         46        232
        122         39        228         28        226         52        236         41        234
        106         36         32        167         33         49         45        171         46
        112        167         37         36         38        171         50         49         51
         96         29        227         30        221         42        235         43        229
        114         34        225         39        228         47        233         52        236
         99        165         29         35         30        169         42         48         43
        114         37         34        168         39         50         47        172         52
         98         38         27         35        165         51         40         48        169
        121         37        168         38         27         50        172         51         40
         93         40         41        169         42         53         54        173         55
         70         43        229         44        230         56        237         57        238
         77         44        230         45        231         57        238         58        239
         85         46        232         47        233         59        240         60        241
         94         41        234         42        235         54        242         55        243
         69         48         43        170         44         61         56        174         57
         79        170         44         49         45        174         57         62         58
         87        171         46         50         47        175         59         63         60
         79         49         51        170         48         62         64        174         61
         93        172         52         40         41        176         65         53         54
         77         45        231         46        232         58        239         59        240
         94         52        236         41        234         65        244         54        242
         78         49         45        171         46         62         58        175         59
         87        171         50         49         51        175         63         62         64
         70         42        235         43        229         55        243         56        237
         85         47        233         52        236         60        241         65        244
         69        169         42         48         43        173         55         61         56
         86         50         47        172         52         63         60        176         65
         68         51         40         48        169         64         53         61        173
         92         50        172         51         40         63        176         64         53
         95         53         54        173         55         66         67        177         68
         65         56        237         57        238         69        245         70        246
         76         57        238         58        239         70        246         71        247
         84         59        240         60        241         72        248         73        249
         91         54        242         55        243         67        250         68        251
         71         61         56        174         57         74         69        178         70
         73        174         57         62         58        178         70         75         71
         81        175         59         63         60        179         72         76         73
         73         62         64        174         61         75         77        178         74
         92        176         65         53         54        180         78         66         67
         76         58        239         59        240         71        247         72        248
         95         65        244         54        242         78        252         67        250
         78         62         58        175         59         75         71        179         72
         81        175         63         62         64        179         76         75         77
         71         55        243         56        237         68        251         69        245
         84         60        241         65        244         73        249         78        252
         68        173         55         61         56        177         68         74         69
         86         63         60        176         65         76         73        180         78
         66         64         53         61        173         77         66         74        177
         89         63        176         64         53         76        180         77         66
         91         66         67        177         68         79         80        181         81
         65         69        245         70        246         82        253         83        254
         75         70        246         71        247         83        254         84        255
         83         72        248         73        249         85        256         86        257
         90         67        250         68        251         80        258         81        259
         67         74         69        178         70         87         82        182         83
         75        178         70         75         71        182         83         88         84
         83        179         72         76         73        183         85         89         86
         72         75         77        178         74         88         90        182         87
         88        180         78         66         67        184         91         79         80
         74         71        247         72        248         84        255         85        256
         90         78        252         67        250         91        260         80        258
         74         75         71        179         72         88         84        183         85
         80        179         76         75         77        183         89         88         90
         64         68        251         69        245         81        259         82        253
         82         73        249         78        252         86        257         91        260
         67        177         68         74         69        181         81         87         82
         82         76         73        180         78         89         86        184         91
         66         77         66         74        177         90         79         87        181
         89         76        180         77         66         89        184         90         79
         61         79         80        181         81         92         93        185         94
         38         82        253         83        254         95        261         96        262
         45         83        254         84        255         96        262         97        263
         53         85        256         86        257         98        264         99        265
         62         80        258         81        259         93        266         94        267
         37         87         82        182         83        100         95        186         96
         47        182         83         88         84        186         96        101         97
         55        183         85         89         86        187         98        102         99
         47         88         90        182         87        101        103        186        100
         61        184         91         79         80        188        104         92         93
         45         84        255         85        256         97        263         98        264
         62         91        260         80        258        104        268         93        266
         46         88         84        183         85        101         97        187         98
         55        183         89         88         90        187        102        101        103
         38         81        259         82        253         94        267         95        261
         53         86        257         91        260         99        265        104        268
         37        181         81         87         82        185         94        100         95
         54         89         86        184         91        102         99        188        104
         36         90         79         87        181        103         92        100        185
         60         89        184         90         79        102        188        103         92
         63         92         93        185         94        105        106        189        107
         33         95        261         96        262        108        269        109        270
         44         96        262         97        263        109        270        110        271
         52         98        264         99        265        111        272        112        273
         59         93        266         94        267        106        274        107        275
         39        100         95        186         96        113        108        190        109
         41        186         96        101         97        190        109        114        110
         49        187         98        102         99        191        111        115        112
         41        101        103        186        100        114        116        190        113
         60        188        104         92         93        192        117        105        106
         44         97        263         98        264        110        271        111        272
         63        104        268         93        266        117        276        106        274
         46        101         97        187         98        114        110        191        111
         49        187        102        101        103        191        115        114        116
         39         94        267         95        261        107        275        108        269
         52         99        265        104        268        112        273        117        276
         36        185         94        100         95        189        107        113        108
         54        102         99        188        104        115        112        192        117
         34        103         92        100        185        116        105        113        189
         57        102        188        103         92        115        192        116        105
         59        105        106        189        107        118        119        193        120
         33        108        269        109        270        121        277        122        278
         43        109        270        110        271        122        278        123        279
         51        111        272        112        273        124        280        125        281
         58        106        274        107        275        119        282        120        283
         35        113        108        190        109        126        121        194        122
         43        190        109        114        110        194        122        127        123
         51        191        111        115        112        195        124        128        125
         40        114        116        190        113        127        129        194        126
         56        192        117        105        106        196        130        118        119
         42        110        271        111        272        123        279        124        280
         58        117        276        106        274        130        284        119        282
         42        114        110        191        111        127        123        195        124
         48        191        115        114        116        195        128        127        129
         32        107        275        108        269        120        283        121        277
         50        112        273        117        276        125        281        130        284
         35        189        107        113        108        193        120        126        121
         50        115        112        192        117        128        125        196        130
         34        116        105        113        189        129        118        126        193
         57        115        192        116        105        128        196        129        118
         29        118        119        193        120        131        132        197        133
          6        121        277        122        278        134        285        135        286
         13        122        278        123        279        135        286        136        287
         21        124        280        125        281        137        288        138        289
         30        119        282        120        283        132        290        133        291
          5        126        121        194        122        139        134        198        135
         15        194        122        127        123        198        135        140        136
         23        195        124        128        125        199        137        141        138
         15        127        129        194        126        140        142        198        139
         29        196        130        118        119        200        143        131        132
         13        123        279        124        280        136        287        137        288
         30        130        284        119        282        143        292        132        290
         14        127        123        195        124        140        136        199        137
         23        195        128        127        129        199        141        140        142
          6        120        283        121        277        133        291        134        285
         21        125        281        130        284        138        289        143        292
          5        193        120        126        121        197        133        139        134
         22        128        125        196        130        141        138        200        143
          4        129        118        126        193        142        131        139        197
         28        128        196        129        118        141        200        142        131
         31        131        132        197        133        144        145        201        146
          1        134        285        135        286        147        293        148        294
         12        135        286        136        287        148        294        149        295
         20        137        288        138        289        150        296        151        297
         27        132        290        133        291        145        298        146        299
          7        139        134        198        135        152        147        202        148
          9        198        135        140        136        202        148        153        149
         17        199        137        141        138        203        150        154        151
          9        140        142        198        139        153        155        202        152
         28        200        143        131        132        204        156        144        145
         12        136        287        137        288        149        295        150        296
         31        143        292        132        290        156        300        145        298
         14        140        136        199        137        153        149        203        150
         17        199        141        140        142        203        154        153        155
          7        133        291        134        285        146        299        147        293
         20        138        289        143        292        151        297        156        300
          4        197        133        139        134        201        146        152        147
         22        141        138        200        143        154        151        204        156
          2        142        131        139        197        155        144        152        201
         25        141        200        142        131        154        204        155        144
         27        144        145        201        146          1          2        157          3
          1        147        293        148        294          7        205          8        206
         11        148        294        149        295          8        206         11        209
         19        150        296        151        297         13        211         14        212
         26        145        298        146        299          2        215          3        216
          3        152        147        202        148         17          7        159          8
         11        202        148        153        149        159          8         19         11
         19        203        150        154        151        161         13         21         14
          8        153        155        202        152         19         23        159         17
         24        204        156        144        145        163         25          1          2
         10        149        295        150        296         11        209         13        211
         26        156        300        145        298         25        219          2        215
         10        153        149        203        150         19         11        161         13
         16        203        154        153        155        161         21         19         23
          0        146        299        147        293          3        216          7        205
         18        151        297        156        300         14        212         25        219
          3        201        146        152        147        157          3         17          7
         18        154        151        204        156         21         14        163         25
          2        155        144        152        201         23          1         17        157
         25        154        204        155        144         21        163         23          1
