#v002         500         505           8         256        2000         505           0
         121           5          11          10          26
         220          57          10          56           9
         120          58           5          57          10
         420          55           8          54           7
          19          60          54          59          58
          21           7          12           5          11
          20          54           7          58           5
         122          11          28          26          27
         221          10          26           9          25
         422           6          23          12          29
          22          12          29          11          28
         320          56           9          55           8
         421           8           6           7          12
         321           9          25           8           6
         322          25          24           6          23
         224          20          19          13          18
         324          13          18          16          17
         222          26          27          25          24
         223          27          20          24          13
         323          24          13          23          16
         423          23          16          29          22
          23          29          22          28          21
         123          28          21          27          20
         325          18         249          17         248
         425          17         248          15         252
         424          16          17          22          15
          24          22          15          21          14
          25          15         252          14         251
         125          14         251          19         250
         124          21          14          20          19
         225          19         250          18         249
         317          49          35          48          34
         318          35          30          34          33
         218          37          36          35          30
         319          30          56          33          55
         419          33          55          60          54
         219          36          57          30          56
         119          59          58          36          57
         418          34          33          32          60
         417          48          34          47          32
          17          47          32          51          31
          16          53          47          52          51
         117          51          31          50          37
         217          50          37          49          35
         118          31          59          37          36
          18          32          60          31          59
         414         121          40         127          46
          14         127          46         126          45
         214         124          44          38          43
         114         126          45         124          44
         315          43          42          40          41
         314          38          43         121          40
         213         125         124         123          38
         313         123          38         122         121
         316          42          49          41          48
         416          41          48          53          47
         415          40          41          46          53
          15          46          53          45          52
         216          39          50          42          49
         215          44          39          43          42
         115          45          52          44          39
         116          52          51          39          50
         113          62         126         125         124
         112          67          62          66         125
         212          66         125          65         123
         413         122         121          61         127
         412          64         122          68          61
          13          61         127          62         126
          12          68          61          67          62
          11          63          68          82          67
         111          82          67          81          66
         410          79          78          84          63
          10          84          63          83          82
         211          81          66          80          65
         312          65         123          64         122
         411          78          64          63          68
         311          80          65          78          64
         308         116          75         114          74
         408         114          74          70          73
           7         120          70         119          69
         407         115         114         120          70
         108          69          77         117          76
         107         119          69         118         117
           8          70          73          69          77
           9          73          84          77          83
         409          74          79          73          84
         309          75          71          74          79
         310          71          80          79          78
         210          72          81          71          80
         208         117          76         116          75
         209          76          72          75          71
         109          77          83          76          72
         110          83          82          72          81
         403          92         108          91         107
         303          93         109          92         108
         103          85         111          94         110
         203          94         110          93         109
         102          96          85          95          94
           2          97          91          96          85
           3          91         107          85         111
           4         107         113         111         112
         402          87          92          97          91
           1          86          97          90          96
         301          89          88           2          87
         401           2          87          86          97
         202          95          94          88          93
         302          88          93          87          92
         201           3          95          89          88
         101          90          96           3          95
         405         101         100         113         106
           5         113         106         112         105
         404         108         101         107         113
         304         109         102         108         101
         204         110          98         109         102
         205          98         104         102         103
         105         112         105          98         104
         104         111         112         110          98
         406         100         115         106         120
           6         106         120         105         119
         106         105         119         104         118
         206         104         118         103          99
         306         103          99         100         115
         305         102         103         101         100
         207         118         117          99         116
         307          99         116         115         114
         146         128         134         133         149
         145         181         128         180         133
         245         180         133         179         132
         445         178         131         177         130
          44         183         177         182         181
          45         177         130         181         128
          46         130         135         128         134
         246         133         149         132         148
         147         134         151         149         150
          47         135         152         134         151
         447         129         146         135         152
         345         179         132         178         131
         446         131         129         130         135
         347         148         147         129         146
         346         132         148         131         129
         349         136         141         139         140
         249         143         142         136         141
         248         150         143         147         136
         247         149         150         148         147
         448         146         139         152         145
         348         147         136         146         139
          48         152         145         151         144
         148         151         144         150         143
         450         140         501         138         505
         350         141         502         140         501
         449         139         140         145         138
          49         145         138         144         137
          50         138         505         137         504
         150         137         504         142         503
         250         142         503         141         502
         149         144         137         143         142
         342         172         158         171         157
         243         160         159         158         153
         343         158         153         157         156
         444         156         178         183         177
         344         153         179         156         178
         244         159         180         153         179
         144         182         181         159         180
         443         157         156         155         183
         442         171         157         170         155
          42         170         155         174         154
          41         176         170         175         174
         142         174         154         173         160
         242         173         160         172         158
         143         154         182         160         159
          43         155         183         154         182
         439         241         163         247         169
          39         247         169         246         168
         239         244         167         161         166
         139         246         168         244         167
         339         161         166         241         163
         340         166         165         163         164
         238         245         244         243         161
         338         243         161         242         241
         441         164         171         176         170
         341         165         172         164         171
         440         163         164         169         176
          40         169         176         168         175
         240         167         162         166         165
         241         162         173         165         172
         141         175         174         162         173
         140         168         175         167         162
         138         185         246         245         244
         237         189         245         188         243
         137         190         185         189         245
         437         187         242         191         184
         438         242         241         184         247
          38         184         247         185         246
          37         191         184         190         185
          36         186         191         205         190
         136         205         190         204         189
         435         202         201         207         186
          35         207         186         206         205
         236         204         189         203         188
         337         188         243         187         242
         436         201         187         186         191
         336         203         188         201         187
         433         234         197         193         196
         333         236         198         234         197
         432         235         234         240         193
          32         240         193         239         192
         133         192         200         237         199
         132         239         192         238         237
          34         196         207         200         206
          33         193         196         192         200
         434         197         202         196         207
         334         198         194         197         202
         335         194         203         202         201
         235         195         204         194         203
         234         199         195         198         194
         233         237         199         236         198
         135         206         205         195         204
         134         200         206         199         195
         428         212         228         211         227
         328         213         229         212         228
         228         214         230         213         229
         128         208         231         214         230
         127         216         208         215         214
          27         217         211         216         208
          29         227         233         231         232
          28         211         227         208         231
          26         252         217         251         216
         427         209         212         217         211
         426         248         209         252         217
         326         249         210         248         209
         227         215         214         210         213
         327         210         213         209         212
         126         251         216         250         215
         226         250         215         249         210
          30         233         226         232         225
         430         221         220         233         226
         429         228         221         227         233
         329         229         222         228         221
         230         218         224         222         223
         229         230         218         229         222
         130         232         225         218         224
         129         231         232         230         218
          31         226         240         225         239
         431         220         235         226         240
         231         224         238         223         219
         131         225         239         224         238
         331         223         219         220         235
         330         222         223         221         220
         332         219         236         235         234
         232         238         237         219         236
         171         253         259         258         274
         170         306         253         305         258
         270         305         258         304         257
         470         303         256         302         255
          69         308         302         307         306
          71         255         260         253         259
          70         302         255         306         253
         172         259         276         274         275
         271         258         274         257         273
         472         254         271         260         277
          72         260         277         259         276
         370         304         257         303         256
         471         256         254         255         260
         371         257         273         256         254
         372         273         272         254         271
         374         261         266         264         265
         274         268         267         261         266
         273         275         268         272         261
         272         274         275         273         272
         473         271         264         277         270
         373         272         261         271         264
         173         276         269         275         268
          73         277         270         276         269
         475         265         496         263         500
         375         266         497         265         496
         474         264         265         270         263
          74         270         263         269         262
         175         262         499         267         498
          75         263         500         262         499
         174         269         262         268         267
         275         267         498         266         497
         367         297         283         296         282
         368         283         278         282         281
         268         285         284         283         278
         469         281         303         308         302
         369         278         304         281         303
         169         307         306         284         305
         269         284         305         278         304
         468         282         281         280         308
         467         296         282         295         280
          67         295         280         299         279
          66         301         295         300         299
         167         299         279         298         285
         267         298         285         297         283
         168         279         307         285         284
          68         280         308         279         307
         464         366         288         372         294
          64         372         294         371         293
         164         371         293         369         292
         264         369         292         286         291
         365         291         290         288         289
         364         286         291         366         288
         363         368         286         367         366
         263         370         369         368         286
         466         289         296         301         295
         366         290         297         289         296
         465         288         289         294         301
          65         294         301         293         300
         266         287         298         290         297
         265         292         287         291         290
         166         300         299         287         298
         165         293         300         292         287
         163         310         371         370         369
         162         315         310         314         370
         262         314         370         313         368
         463         367         366         309         372
         462         312         367         316         309
          63         309         372         310         371
          62         316         309         315         310
         161         330         315         329         314
          61         311         316         330         315
          60         332         311         331         330
         460         327         326         332         311
         362         313         368         312         367
         261         329         314         328         313
         461         326         312         311         316
         361         328         313         326         312
         458         359         322         318         321
         358         361         323         359         322
          57         365         318         364         317
         457         360         359         365         318
         158         317         325         362         324
         157         364         317         363         362
          59         321         332         325         331
          58         318         321         317         325
         459         322         327         321         332
         359         323         319         322         327
         360         319         328         327         326
         260         320         329         319         328
         259         324         320         323         319
         258         362         324         361         323
         160         331         330         320         329
         159         325         331         324         320
         453         337         353         336         352
         353         338         354         337         353
         253         339         355         338         354
         153         333         356         339         355
          52         342         336         341         333
         152         341         333         340         339
          54         352         358         356         357
          53         336         352         333         356
         452         334         337         342         336
          51         505         342         504         341
         451         501         334         505         342
         351         502         335         501         334
         252         340         339         335         338
         352         335         338         334         337
         251         503         340         502         335
         151         504         341         503         340
         455         346         345         358         351
          55         358         351         357         350
         454         353         346         352         358
         354         354         347         353         346
         255         343         349         347         348
         254         355         343         354         347
         155         357         350         343         349
         154         356         357         355         343
         456         345         360         351         365
          56         351         365         350         364
         156         350         364         349         363
         256         349         363         348         344
         356         348         344         345         360
         355         347         348         346         345
         357         344         361         360         359
         257         363         362         344         361
         196         373         379         378         397
         195         429         373         428         378
         295         428         378         427         377
         495         426         376         425         375
          94         431         425         430         429
          96         375         380         373         379
          95         425         375         429         373
         197         379         399         397         398
         296         378         397         377         396
          97         380         400         379         399
         497         374         394         380         400
         496         376         374         375         380
         395         427         377         426         376
         397         396         395         374         394
         396         377         396         376         374
         399         381         389         387         388
         299         391         390         381         389
         298         398         391         395         381
         297         397         398         396         395
         498         394         387         400         393
         398         395         381         394         387
         198         399         392         398         391
          98         400         393         399         392
         500         388           1         386         385
         400         389         383         388           1
         499         387         388         393         386
          99         393         386         392         384
         200         384           4         390         382
         100         386         385         384           4
         199         392         384         391         390
         300         390         382         389         383
         392         420         406         419         405
         393         406         401         405         404
         293         408         407         406         401
         494         404         426         431         425
         394         401         427         404         426
         194         430         429         407         428
         294         407         428         401         427
         493         405         404         403         431
         492         419         405         418         403
          92         418         403         422         402
          91         424         418         423         422
         192         422         402         421         408
         292         421         408         420         406
         193         402         430         408         407
          93         403         431         402         430
         489         489         411         495         417
          89         495         417         494         416
         189         494         416         492         415
         289         492         415         409         414
         390         414         413         411         412
         389         409         414         489         411
         388         491         409         490         489
         288         493         492         491         409
         491         412         419         424         418
         391         413         420         412         419
         490         411         412         417         424
          90         417         424         416         423
         291         410         421         413         420
         290         415         410         414         413
         191         423         422         410         421
         190         416         423         415         410
         188         433         494         493         492
         187         438         433         437         493
         287         437         493         436         491
         488         490         489         432         495
         487         435         490         439         432
          88         432         495         433         494
          87         439         432         438         433
         186         453         438         452         437
          86         434         439         453         438
         485         450         449         455         434
          85         455         434         454         453
         387         436         491         435         490
         286         452         437         451         436
         486         449         435         434         439
         386         451         436         449         435
         483         482         445         441         444
         383         484         446         482         445
         482         483         482         488         441
          82         488         441         487         440
         183         440         448         485         447
         182         487         440         486         485
          84         444         455         448         454
          83         441         444         440         448
         484         445         450         444         455
         384         446         442         445         450
         385         442         451         450         449
         285         443         452         442         451
         284         447         443         446         442
         283         485         447         484         446
         185         454         453         443         452
         184         448         454         447         443
         478         460         476         459         475
         378         461         477         460         476
         178         456         479         462         478
         278         462         478         461         477
         177         464         456         463         462
          77         465         459         464         456
          79         475         481         479         480
          78         459         475         456         479
         477         457         460         465         459
          76         500         465         499         464
         476         496         457         500         465
         376         497         458         496         457
         377         458         461         457         460
         277         463         462         458         461
         176         499         464         498         463
         276         498         463         497         458
         480         469         468         481         474
          80         481         474         480         473
         479         476         469         475         481
         379         477         470         476         469
         280         466         472         470         471
         279         478         466         477         470
         180         480         473         466         472
         179         479         480         478         466
         481         468         483         474         488
          81         474         488         473         487
         181         473         487         472         486
         281         472         486         471         467
         381         471         467         468         483
         380         470         471         469         468
         382         467         484         483         482
         282         486         485         467         484
