         500         505           8         256        2000         505           0
          52          86          97          90          96
          50          97          91          96          85
          51          91         107          85         111
          51         107         113         111         112
          56         113         106         112         105
          60         106         120         105         119
          41         120          70         119          69
          43          70          73          69          77
          43          73          84          77          83
          37          84          63          83          82
          36          63          68          82          67
          35          68          61          67          62
          35          61         127          62         126
          24         127          46         126          45
          29          46          53          45          52
          21          53          47          52          51
          21          47          32          51          31
          23          32          60          31          59
           2          60          54          59          58
           3          54           7          58           5
           3           7          12           5          11
           5          12          29          11          28
          11          29          22          28          21
          13          22          15          21          14
          14          15         252          14         251
         116         252         217         251         216
         114         217         211         216         208
         115         211         227         208         231
         115         227         233         231         232
         120         233         226         232         225
         124         226         240         225         239
         105         240         193         239         192
         107         193         196         192         200
         107         196         207         200         206
         101         207         186         206         205
         100         186         191         205         190
          99         191         184         190         185
          99         184         247         185         246
          88         247         169         246         168
          93         169         176         168         175
          85         176         170         175         174
          85         170         155         174         154
          87         155         183         154         182
          66         183         177         182         181
          67         177         130         181         128
          67         130         135         128         134
          69         135         152         134         151
          75         152         145         151         144
          77         145         138         144         137
          78         138         505         137         504
         180         505         342         504         341
         178         342         336         341         333
         179         336         352         333         356
         179         352         358         356         357
         184         358         351         357         350
         188         351         365         350         364
         169         365         318         364         317
         171         318         321         317         325
         171         321         332         325         331
         165         332         311         331         330
         164         311         316         330         315
         163         316         309         315         310
         163         309         372         310         371
         152         372         294         371         293
         157         294         301         293         300
         149         301         295         300         299
         149         295         280         299         279
         151         280         308         279         307
         130         308         302         307         306
         131         302         255         306         253
         131         255         260         253         259
         133         260         277         259         276
         139         277         270         276         269
         141         270         263         269         262
         142         263         500         262         499
         244         500         465         499         464
         242         465         459         464         456
         243         459         475         456         479
         243         475         481         479         480
         248         481         474         480         473
         252         474         488         473         487
         233         488         441         487         440
         235         441         444         440         448
         235         444         455         448         454
         229         455         434         454         453
         228         434         439         453         438
         227         439         432         438         433
         227         432         495         433         494
         216         495         417         494         416
         221         417         424         416         423
         213         424         418         423         422
         213         418         403         422         402
         215         403         431         402         430
         194         431         425         430         429
         195         425         375         429         373
         195         375         380         373         379
         197         380         400         379         399
         203         400         393         399         392
         205         393         386         392         384
         206         386         385         384           4
          55          90          96           3          95
          50          96          85          95          94
          49          85         111          94         110
          59         111         112         110          98
          59         112         105          98         104
          61         105         119         104         118
          42         119          69         118         117
          42          69          77         117          76
          47          77          83          76          72
          47          83          82          72          81
          36          82          67          81          66
          33          67          62          66         125
          32          62         126         125         124
          25         126          45         124          44
          31          45          52          44          39
          31          52          51          39          50
          22          51          31          50          37
          23          31          59          37          36
          19          59          58          36          57
           1          58           5          57          10
           0           5          11          10          26
           4          11          28          26          27
          11          28          21          27          20
          15          21          14          20          19
          14          14         251          19         250
         119         251         216         250         215
         114         216         208         215         214
         113         208         231         214         230
         123         231         232         230         218
         123         232         225         218         224
         125         225         239         224         238
         106         239         192         238         237
         106         192         200         237         199
         111         200         206         199         195
         111         206         205         195         204
         100         205         190         204         189
          97         190         185         189         245
          96         185         246         245         244
          89         246         168         244         167
          95         168         175         167         162
          95         175         174         162         173
          86         174         154         173         160
          87         154         182         160         159
          83         182         181         159         180
          65         181         128         180         133
          64         128         134         133         149
          68         134         151         149         150
          75         151         144         150         143
          79         144         137         143         142
          78         137         504         142         503
         183         504         341         503         340
         178         341         333         340         339
         177         333         356         339         355
         187         356         357         355         343
         187         357         350         343         349
         189         350         364         349         363
         170         364         317         363         362
         170         317         325         362         324
         175         325         331         324         320
         175         331         330         320         329
         164         330         315         329         314
         161         315         310         314         370
         160         310         371         370         369
         153         371         293         369         292
         159         293         300         292         287
         159         300         299         287         298
         150         299         279         298         285
         151         279         307         285         284
         147         307         306         284         305
         129         306         253         305         258
         128         253         259         258         274
         132         259         276         274         275
         139         276         269         275         268
         143         269         262         268         267
         142         262         499         267         498
         247         499         464         498         463
         242         464         456         463         462
         241         456         479         462         478
         251         479         480         478         466
         251         480         473         466         472
         253         473         487         472         486
         234         487         440         486         485
         234         440         448         485         447
         239         448         454         447         443
         239         454         453         443         452
         228         453         438         452         437
         225         438         433         437         493
         224         433         494         493         492
         217         494         416         492         415
         223         416         423         415         410
         223         423         422         410         421
         214         422         402         421         408
         215         402         430         408         407
         211         430         429         407         428
         193         429         373         428         378
         192         373         379         378         397
         196         379         399         397         398
         203         399         392         398         391
         207         392         384         391         390
         206         384           4         390         382
          55           3          95          89          88
          54          95          94          88          93
          49          94         110          93         109
          58         110          98         109         102
          58          98         104         102         103
          61         104         118         103          99
          63         118         117          99         116
          46         117          76         116          75
          46          76          72          75          71
          45          72          81          71          80
          38          81          66          80          65
          33          66         125          65         123
          27         125         124         123          38
          25         124          44          38          43
          30          44          39          43          42
          30          39          50          42          49
          22          50          37          49          35
          17          37          36          35          30
          19          36          57          30          56
           1          57          10          56           9
           4          10          26           9          25
           9          26          27          25          24
           9          27          20          24          13
           8          20          19          13          18
          15          19         250          18         249
         119         250         215         249         210
         118         215         214         210         213
         113         214         230         213         229
         122         230         218         229         222
         122         218         224         222         223
         125         224         238         223         219
         127         238         237         219         236
         110         237         199         236         198
         110         199         195         198         194
         109         195         204         194         203
         102         204         189         203         188
          97         189         245         188         243
          91         245         244         243         161
          89         244         167         161         166
          94         167         162         166         165
          94         162         173         165         172
          86         173         160         172         158
          81         160         159         158         153
          83         159         180         153         179
          65         180         133         179         132
          68         133         149         132         148
          73         149         150         148         147
          73         150         143         147         136
          72         143         142         136         141
          79         142         503         141         502
         183         503         340         502         335
         182         340         339         335         338
         177         339         355         338         354
         186         355         343         354         347
         186         343         349         347         348
         189         349         363         348         344
         191         363         362         344         361
         174         362         324         361         323
         174         324         320         323         319
         173         320         329         319         328
         166         329         314         328         313
         161         314         370         313         368
         155         370         369         368         286
         153         369         292         286         291
         158         292         287         291         290
         158         287         298         290         297
         150         298         285         297         283
         145         285         284         283         278
         147         284         305         278         304
         129         305         258         304         257
         132         258         274         257         273
         137         274         275         273         272
         137         275         268         272         261
         136         268         267         261         266
         143         267         498         266         497
         247         498         463         497         458
         246         463         462         458         461
         241         462         478         461         477
         250         478         466         477         470
         250         466         472         470         471
         253         472         486         471         467
         255         486         485         467         484
         238         485         447         484         446
         238         447         443         446         442
         237         443         452         442         451
         230         452         437         451         436
         225         437         493         436         491
         219         493         492         491         409
         217         492         415         409         414
         222         415         410         414         413
         222         410         421         413         420
         214         421         408         420         406
         209         408         407         406         401
         211         407         428         401         427
         193         428         378         427         377
         196         378         397         377         396
         201         397         398         396         395
         201         398         391         395         381
         200         391         390         381         389
         207         390         382         389         383
          53          89          88           2          87
          54          88          93          87          92
          48          93         109          92         108
          57         109         102         108         101
          62         102         103         101         100
          62         103          99         100         115
          63          99         116         115         114
          40         116          75         114          74
          44          75          71          74          79
          45          71          80          79          78
          39          80          65          78          64
          38          65         123          64         122
          27         123          38         122         121
          26          38          43         121          40
          26          43          42          40          41
          28          42          49          41          48
          16          49          35          48          34
          17          35          30          34          33
          18          30          56          33          55
           6          56           9          55           8
           7           9          25           8           6
           7          25          24           6          23
          10          24          13          23          16
           8          13          18          16          17
          12          18         249          17         248
         117         249         210         248         209
         118         210         213         209         212
         112         213         229         212         228
         121         229         222         228         221
         126         222         223         221         220
         126         223         219         220         235
         127         219         236         235         234
         104         236         198         234         197
         108         198         194         197         202
         109         194         203         202         201
         103         203         188         201         187
         102         188         243         187         242
          91         243         161         242         241
          90         161         166         241         163
          90         166         165         163         164
          92         165         172         164         171
          80         172         158         171         157
          81         158         153         157         156
          82         153         179         156         178
          70         179         132         178         131
          71         132         148         131         129
          71         148         147         129         146
          74         147         136         146         139
          72         136         141         139         140
          76         141         502         140         501
         181         502         335         501         334
         182         335         338         334         337
         176         338         354         337         353
         185         354         347         353         346
         190         347         348         346         345
         190         348         344         345         360
         191         344         361         360         359
         168         361         323         359         322
         172         323         319         322         327
         173         319         328         327         326
         167         328         313         326         312
         166         313         368         312         367
         155         368         286         367         366
         154         286         291         366         288
         154         291         290         288         289
         156         290         297         289         296
         144         297         283         296         282
         145         283         278         282         281
         146         278         304         281         303
         134         304         257         303         256
         135         257         273         256         254
         135         273         272         254         271
         138         272         261         271         264
         136         261         266         264         265
         140         266         497         265         496
         245         497         458         496         457
         246         458         461         457         460
         240         461         477         460         476
         249         477         470         476         469
         254         470         471         469         468
         254         471         467         468         483
         255         467         484         483         482
         232         484         446         482         445
         236         446         442         445         450
         237         442         451         450         449
         231         451         436         449         435
         230         436         491         435         490
         219         491         409         490         489
         218         409         414         489         411
         218         414         413         411         412
         220         413         420         412         419
         208         420         406         419         405
         209         406         401         405         404
         210         401         427         404         426
         198         427         377         426         376
         199         377         396         376         374
         199         396         395         374         394
         202         395         381         394         387
         200         381         389         387         388
         204         389         383         388           1
          53           2          87          86          97
          52          87          92          97          91
          48          92         108          91         107
          57         108         101         107         113
          56         101         100         113         106
          60         100         115         106         120
          41         115         114         120          70
          40         114          74          70          73
          44          74          79          73          84
          37          79          78          84          63
          39          78          64          63          68
          34          64         122          68          61
          34         122         121          61         127
          24         121          40         127          46
          29          40          41          46          53
          28          41          48          53          47
          20          48          34          47          32
          20          34          33          32          60
          18          33          55          60          54
           2          55           8          54           7
           6           8           6           7          12
           5           6          23          12          29
          10          23          16          29          22
          13          16          17          22          15
          12          17         248          15         252
         117         248         209         252         217
         116         209         212         217         211
         112         212         228         211         227
         121         228         221         227         233
         120         221         220         233         226
         124         220         235         226         240
         105         235         234         240         193
         104         234         197         193         196
         108         197         202         196         207
         101         202         201         207         186
         103         201         187         186         191
          98         187         242         191         184
          98         242         241         184         247
          88         241         163         247         169
          93         163         164         169         176
          92         164         171         176         170
          84         171         157         170         155
          84         157         156         155         183
          82         156         178         183         177
          66         178         131         177         130
          70         131         129         130         135
          69         129         146         135         152
          74         146         139         152         145
          77         139         140         145         138
          76         140         501         138         505
         181         501         334         505         342
         180         334         337         342         336
         176         337         353         336         352
         185         353         346         352         358
         184         346         345         358         351
         188         345         360         351         365
         169         360         359         365         318
         168         359         322         318         321
         172         322         327         321         332
         165         327         326         332         311
         167         326         312         311         316
         162         312         367         316         309
         162         367         366         309         372
         152         366         288         372         294
         157         288         289         294         301
         156         289         296         301         295
         148         296         282         295         280
         148         282         281         280         308
         146         281         303         308         302
         130         303         256         302         255
         134         256         254         255         260
         133         254         271         260         277
         138         271         264         277         270
         141         264         265         270         263
         140         265         496         263         500
         245         496         457         500         465
         244         457         460         465         459
         240         460         476         459         475
         249         476         469         475         481
         248         469         468         481         474
         252         468         483         474         488
         233         483         482         488         441
         232         482         445         441         444
         236         445         450         444         455
         229         450         449         455         434
         231         449         435         434         439
         226         435         490         439         432
         226         490         489         432         495
         216         489         411         495         417
         221         411         412         417         424
         220         412         419         424         418
         212         419         405         418         403
         212         405         404         403         431
         210         404         426         431         425
         194         426         376         425         375
         198         376         374         375         380
         197         374         394         380         400
         202         394         387         400         393
         205         387         388         393         386
         204         388           1         386         385
